GAS LISTING /tmp/ccG5HB3m.s 			page 1


   1              		.file	"main.cpp"
   2              		.option pic
   3              		.option norelax
   4              		.text
   5              	.Ltext0:
   6              		.align	2
   7              		.globl	_Z15userMainWrapperPv
   9              	_Z15userMainWrapperPv:
  10              	.LFB46:
  11              		.file 1 "src/main.cpp"
   1:src/main.cpp  **** #include "../lib/hw.h"
   2:src/main.cpp  **** #include "../lib/console.h"
   3:src/main.cpp  **** #include "../h/riscv.h"
   4:src/main.cpp  **** #include "../h/MemoryAllocator.h"
   5:src/main.cpp  **** #include "../h/syscall_c.h"
   6:src/main.cpp  **** #include "../h/tcb.h"
   7:src/main.cpp  **** void userMain();
   8:src/main.cpp  **** 
   9:src/main.cpp  **** sem_t userMainSemaphore;
  10:src/main.cpp  **** 
  11:src/main.cpp  **** void userMainWrapper(void* arg) {
  12              		.loc 1 11 33
  13              		.cfi_startproc
  14              	.LVL0:
  15 0000 130101FF 		addi	sp,sp,-16
  16              		.cfi_def_cfa_offset 16
  17 0004 23341100 		sd	ra,8(sp)
  18 0008 23308100 		sd	s0,0(sp)
  19              		.cfi_offset 1, -8
  20              		.cfi_offset 8, -16
  21 000c 13040101 		addi	s0,sp,16
  22              		.cfi_def_cfa 8, 0
  12:src/main.cpp  ****     userMain();
  23              		.loc 1 12 5
  24              		.loc 1 12 13 is_stmt 0
  25 0010 97000000 		call	_Z8userMainv@plt
  25      E7800000 
  26              	.LVL1:
  13:src/main.cpp  ****     sem_signal(userMainSemaphore);
  27              		.loc 1 13 5 is_stmt 1
  28              		.loc 1 13 15 is_stmt 0
  29 0018 17050000 		ld	a0,.LANCHOR0
  29      03350500 
  30 0020 97000000 		call	_Z10sem_signalP3Sem@plt
  30      E7800000 
  31              	.LVL2:
  14:src/main.cpp  **** }
  32              		.loc 1 14 1
  33 0028 83308100 		ld	ra,8(sp)
  34              		.cfi_restore 1
  35 002c 03340100 		ld	s0,0(sp)
  36              		.cfi_restore 8
  37              		.cfi_def_cfa 2, 16
  38 0030 13010101 		addi	sp,sp,16
  39              		.cfi_def_cfa_offset 0
  40 0034 67800000 		jr	ra
  41              		.cfi_endproc
GAS LISTING /tmp/ccG5HB3m.s 			page 2


  42              	.LFE46:
  44              		.align	2
  45              		.globl	_Z10idleThreadPv
  47              	_Z10idleThreadPv:
  48              	.LFB47:
  15:src/main.cpp  **** 
  16:src/main.cpp  **** void idleThread(void*) {
  49              		.loc 1 16 24 is_stmt 1
  50              		.cfi_startproc
  51 0038 130101FF 		addi	sp,sp,-16
  52              		.cfi_def_cfa_offset 16
  53 003c 23341100 		sd	ra,8(sp)
  54 0040 23308100 		sd	s0,0(sp)
  55              		.cfi_offset 1, -8
  56              		.cfi_offset 8, -16
  57 0044 13040101 		addi	s0,sp,16
  58              		.cfi_def_cfa 8, 0
  59              	.L4:
  17:src/main.cpp  ****     while (true) {
  60              		.loc 1 17 5 discriminator 1
  18:src/main.cpp  ****         //putc('I');
  19:src/main.cpp  ****         thread_dispatch();
  61              		.loc 1 19 9 discriminator 1
  62              		.loc 1 19 24 is_stmt 0 discriminator 1
  63 0048 97000000 		call	_Z15thread_dispatchv@plt
  63      E7800000 
  64              	.LVL3:
  17:src/main.cpp  ****     while (true) {
  65              		.loc 1 17 5 is_stmt 1 discriminator 1
  66 0050 6FF09FFF 		j	.L4
  67              		.cfi_endproc
  68              	.LFE47:
  70              		.align	2
  71              		.globl	main
  73              	main:
  74              	.LFB48:
  20:src/main.cpp  ****     }
  21:src/main.cpp  **** }
  22:src/main.cpp  **** int main() {
  75              		.loc 1 22 12
  76              		.cfi_startproc
  77 0054 130101FD 		addi	sp,sp,-48
  78              		.cfi_def_cfa_offset 48
  79 0058 23341102 		sd	ra,40(sp)
  80 005c 23308102 		sd	s0,32(sp)
  81 0060 233C9100 		sd	s1,24(sp)
  82              		.cfi_offset 1, -8
  83              		.cfi_offset 8, -16
  84              		.cfi_offset 9, -24
  85 0064 13040103 		addi	s0,sp,48
  86              		.cfi_def_cfa 8, 0
  23:src/main.cpp  ****     Riscv::w_stvec((uint64)(&Riscv::supervisorTrap));
  87              		.loc 1 23 5
  88              		.loc 1 23 19 is_stmt 0
  89 0068 97070000 		la	a5,_ZN5Riscv14supervisorTrapEv
  89      83B70700 
  90              	.LVL4:
GAS LISTING /tmp/ccG5HB3m.s 			page 3


  91              	.LBB4:
  92              	.LBB5:
  93              		.file 2 "src/../h/riscv.h"
   1:src/../h/riscv.h **** #ifndef OS_PROJEKAT_RISCV_HPP
   2:src/../h/riscv.h **** #define OS_PROJEKAT_RISCV_HPP
   3:src/../h/riscv.h **** 
   4:src/../h/riscv.h **** #include "../lib/hw.h"
   5:src/../h/riscv.h **** 
   6:src/../h/riscv.h **** class Riscv
   7:src/../h/riscv.h **** {
   8:src/../h/riscv.h **** public:
   9:src/../h/riscv.h **** 
  10:src/../h/riscv.h ****     // pop sstatus.spp and sstatus.spie bits (has to be a non inline function)
  11:src/../h/riscv.h ****     static void popSppSpie();
  12:src/../h/riscv.h **** 
  13:src/../h/riscv.h ****     static void pushRegisters();
  14:src/../h/riscv.h **** 
  15:src/../h/riscv.h ****     static void popRegisters();
  16:src/../h/riscv.h **** 
  17:src/../h/riscv.h ****     // read register scause
  18:src/../h/riscv.h ****     static uint64 r_scause();
  19:src/../h/riscv.h **** 
  20:src/../h/riscv.h ****     // write register scause
  21:src/../h/riscv.h ****     static void w_scause(uint64 scause);
  22:src/../h/riscv.h **** 
  23:src/../h/riscv.h ****     // read register sepc
  24:src/../h/riscv.h ****     static uint64 r_sepc();
  25:src/../h/riscv.h **** 
  26:src/../h/riscv.h ****     // write register sepc
  27:src/../h/riscv.h ****     static void w_sepc(uint64 sepc);
  28:src/../h/riscv.h **** 
  29:src/../h/riscv.h ****     // read register stvec
  30:src/../h/riscv.h ****     static uint64 r_stvec();
  31:src/../h/riscv.h **** 
  32:src/../h/riscv.h ****     // write register stvec
  33:src/../h/riscv.h ****     static void w_stvec(uint64 stvec);
  34:src/../h/riscv.h **** 
  35:src/../h/riscv.h ****     // read register stval
  36:src/../h/riscv.h ****     static uint64 r_stval();
  37:src/../h/riscv.h **** 
  38:src/../h/riscv.h ****     // write register stval
  39:src/../h/riscv.h ****     static void w_stval(uint64 stval);
  40:src/../h/riscv.h **** 
  41:src/../h/riscv.h ****     enum BitMaskSip
  42:src/../h/riscv.h ****     {
  43:src/../h/riscv.h ****         SIP_SSIP = (1 << 1),
  44:src/../h/riscv.h ****         SIP_STIP = (1 << 5),
  45:src/../h/riscv.h ****         SIP_SEIP = (1 << 9),
  46:src/../h/riscv.h ****     };
  47:src/../h/riscv.h **** 
  48:src/../h/riscv.h ****     // mask set register sip
  49:src/../h/riscv.h ****     static void ms_sip(uint64 mask);
  50:src/../h/riscv.h **** 
  51:src/../h/riscv.h ****     // mask clear register sip
  52:src/../h/riscv.h ****     static void mc_sip(uint64 mask);
  53:src/../h/riscv.h **** 
  54:src/../h/riscv.h ****     // read register sip
GAS LISTING /tmp/ccG5HB3m.s 			page 4


  55:src/../h/riscv.h ****     static uint64 r_sip();
  56:src/../h/riscv.h **** 
  57:src/../h/riscv.h ****     // write register sip
  58:src/../h/riscv.h ****     static void w_sip(uint64 sip);
  59:src/../h/riscv.h **** 
  60:src/../h/riscv.h ****     enum BitMaskSstatus
  61:src/../h/riscv.h ****     {
  62:src/../h/riscv.h ****         SSTATUS_SIE = (1 << 1),
  63:src/../h/riscv.h ****         SSTATUS_SPIE = (1 << 5),
  64:src/../h/riscv.h ****         SSTATUS_SPP = (1 << 8),
  65:src/../h/riscv.h ****     };
  66:src/../h/riscv.h **** 
  67:src/../h/riscv.h ****     // mask set register sstatus
  68:src/../h/riscv.h ****     static void ms_sstatus(uint64 mask);
  69:src/../h/riscv.h **** 
  70:src/../h/riscv.h ****     // mask clear register sstatus
  71:src/../h/riscv.h ****     static void mc_sstatus(uint64 mask);
  72:src/../h/riscv.h **** 
  73:src/../h/riscv.h ****     // read register sstatus
  74:src/../h/riscv.h ****     static uint64 r_sstatus();
  75:src/../h/riscv.h **** 
  76:src/../h/riscv.h ****     // write register sstatus
  77:src/../h/riscv.h ****     static void w_sstatus(uint64 sstatus);
  78:src/../h/riscv.h **** 
  79:src/../h/riscv.h ****     // supervisor trap
  80:src/../h/riscv.h ****     static void supervisorTrap();
  81:src/../h/riscv.h **** 
  82:src/../h/riscv.h ****     //stvec Vector "table"
  83:src/../h/riscv.h ****     static void stvecVectorTable();
  84:src/../h/riscv.h **** 
  85:src/../h/riscv.h ****     //read a0 register
  86:src/../h/riscv.h ****     static uint64 r_a0();
  87:src/../h/riscv.h **** 
  88:src/../h/riscv.h ****     //write to a0 register
  89:src/../h/riscv.h ****     static void w_a0(uint64 writeValue);
  90:src/../h/riscv.h **** 
  91:src/../h/riscv.h ****     static void enter_user_mode();
  92:src/../h/riscv.h **** 
  93:src/../h/riscv.h **** private:
  94:src/../h/riscv.h **** 
  95:src/../h/riscv.h ****     // supervisor trap handler
  96:src/../h/riscv.h ****     static void handleSupervisorTrap(uint64 first, uint64 second, uint64 third, uint64 fourth, uint
  97:src/../h/riscv.h **** 
  98:src/../h/riscv.h ****     static void handleTimerInterrupt();
  99:src/../h/riscv.h **** 
 100:src/../h/riscv.h ****     static void handleConsoleInterrupt();
 101:src/../h/riscv.h **** };
 102:src/../h/riscv.h **** 
 103:src/../h/riscv.h **** 
 104:src/../h/riscv.h **** inline uint64 Riscv::r_scause()
 105:src/../h/riscv.h **** {
 106:src/../h/riscv.h ****     uint64 volatile scause;
 107:src/../h/riscv.h ****     __asm__ volatile ("csrr %[scause], scause" : [scause] "=r"(scause));
 108:src/../h/riscv.h ****     return scause;
 109:src/../h/riscv.h **** }
 110:src/../h/riscv.h **** 
 111:src/../h/riscv.h **** inline void Riscv::w_scause(uint64 scause)
GAS LISTING /tmp/ccG5HB3m.s 			page 5


 112:src/../h/riscv.h **** {
 113:src/../h/riscv.h ****     __asm__ volatile ("csrw scause, %[scause]" : : [scause] "r"(scause));
 114:src/../h/riscv.h **** }
 115:src/../h/riscv.h **** 
 116:src/../h/riscv.h **** inline uint64 Riscv::r_sepc()
 117:src/../h/riscv.h **** {
 118:src/../h/riscv.h ****     uint64 volatile sepc;
 119:src/../h/riscv.h ****     __asm__ volatile ("csrr %[sepc], sepc" : [sepc] "=r"(sepc));
 120:src/../h/riscv.h ****     return sepc;
 121:src/../h/riscv.h **** }
 122:src/../h/riscv.h **** 
 123:src/../h/riscv.h **** inline void Riscv::w_sepc(uint64 sepc)
 124:src/../h/riscv.h **** {
 125:src/../h/riscv.h ****     __asm__ volatile ("csrw sepc, %[sepc]" : : [sepc] "r"(sepc));
 126:src/../h/riscv.h **** }
 127:src/../h/riscv.h **** 
 128:src/../h/riscv.h **** inline uint64 Riscv::r_stvec()
 129:src/../h/riscv.h **** {
 130:src/../h/riscv.h ****     uint64 volatile stvec;
 131:src/../h/riscv.h ****     __asm__ volatile ("csrr %[stvec], stvec" : [stvec] "=r"(stvec));
 132:src/../h/riscv.h ****     return stvec;
 133:src/../h/riscv.h **** }
 134:src/../h/riscv.h **** 
 135:src/../h/riscv.h **** inline void Riscv::w_stvec(uint64 stvec)
 136:src/../h/riscv.h **** {
 137:src/../h/riscv.h ****     __asm__ volatile ("csrw stvec, %[stvec]" : : [stvec] "r"(stvec));
  94              		.loc 2 137 5 is_stmt 1
  95              		.loc 2 137 69 is_stmt 0
  96              	#APP
  97              	# 137 "src/../h/riscv.h" 1
 138              	}
  98              		csrw stvec, a5
  99              	# 0 "" 2
 100              	.LVL5:
 101              	#NO_APP
 102              	.LBE5:
 103              	.LBE4:
  24:src/main.cpp  ****     
  25:src/main.cpp  ****     MemoryAllocator::init();
 104              		.loc 1 25 5 is_stmt 1
 105              		.loc 1 25 26 is_stmt 0
 106 0074 97000000 		call	_ZN15MemoryAllocator4initEv@plt
 106      E7800000 
 107              	.LVL6:
  26:src/main.cpp  **** 
  27:src/main.cpp  ****     TCB::setMaxThreads(); // DO NOT DELETE THIS!!!!
 108              		.loc 1 27 5 is_stmt 1
 109              		.loc 1 27 23 is_stmt 0
 110 007c 1305803E 		li	a0,1000
 111 0080 97000000 		call	_ZN3TCB13setMaxThreadsEi@plt
 111      E7800000 
 112              	.LVL7:
  28:src/main.cpp  ****     TCB* current = TCB::createThread(nullptr, nullptr, false, nullptr, true, TCB::prio::LOW);
 113              		.loc 1 28 5 is_stmt 1
 114              		.loc 1 28 37 is_stmt 0
 115 0088 93070000 		li	a5,0
 116 008c 13071000 		li	a4,1
GAS LISTING /tmp/ccG5HB3m.s 			page 6


 117 0090 93060000 		li	a3,0
 118 0094 13060000 		li	a2,0
 119 0098 93050000 		li	a1,0
 120 009c 13050000 		li	a0,0
 121 00a0 97000000 		call	_ZN3TCB12createThreadEPFvPvES0_bS0_bNS_4prioE@plt
 121      E7800000 
 122              	.LVL8:
  29:src/main.cpp  ****     TCB::running = current;    
 123              		.loc 1 29 5 is_stmt 1
 124              		.loc 1 29 18 is_stmt 0
 125 00a8 97070000 		la	a5,_ZN3TCB7runningE
 125      83B70700 
 126 00b0 23B0A700 		sd	a0,0(a5)
  30:src/main.cpp  **** 
  31:src/main.cpp  ****     sem_open(&userMainSemaphore, 0);
 127              		.loc 1 31 5 is_stmt 1
 128              		.loc 1 31 13 is_stmt 0
 129 00b4 97040000 		lla	s1,.LANCHOR0
 129      93840400 
 130 00bc 93050000 		li	a1,0
 131 00c0 13850400 		mv	a0,s1
 132              	.LVL9:
 133 00c4 97000000 		call	_Z8sem_openPP3Semj@plt
 133      E7800000 
 134              	.LVL10:
  32:src/main.cpp  ****     thread_t user;
 135              		.loc 1 32 5 is_stmt 1
  33:src/main.cpp  **** 
  34:src/main.cpp  ****     //thread_create(&idle, idleThread, nullptr);
  35:src/main.cpp  ****     thread_create(&user, userMainWrapper, nullptr);
 136              		.loc 1 35 5
 137              		.loc 1 35 18 is_stmt 0
 138 00cc 93060000 		li	a3,0
 139 00d0 13060000 		li	a2,0
 140 00d4 97050000 		lla	a1,_Z15userMainWrapperPv
 140      93850500 
 141 00dc 130584FD 		addi	a0,s0,-40
 142 00e0 97000000 		call	_Z13thread_createPP3TCBPFvPvES2_11thread_prio@plt
 142      E7800000 
 143              	.LVL11:
  36:src/main.cpp  **** 
  37:src/main.cpp  ****     sem_wait(userMainSemaphore);
 144              		.loc 1 37 5 is_stmt 1
 145              		.loc 1 37 13 is_stmt 0
 146 00e8 03B50400 		ld	a0,0(s1)
 147 00ec 97000000 		call	_Z8sem_waitP3Sem@plt
 147      E7800000 
 148              	.LVL12:
  38:src/main.cpp  ****    
  39:src/main.cpp  ****     return 0;
 149              		.loc 1 39 5 is_stmt 1
  40:src/main.cpp  **** }...
 150              		.loc 1 40 1 is_stmt 0
 151 00f4 13050000 		li	a0,0
 152 00f8 83308102 		ld	ra,40(sp)
 153              		.cfi_restore 1
 154 00fc 03340102 		ld	s0,32(sp)
GAS LISTING /tmp/ccG5HB3m.s 			page 7


 155              		.cfi_restore 8
 156              		.cfi_def_cfa 2, 48
 157 0100 83348101 		ld	s1,24(sp)
 158              		.cfi_restore 9
 159 0104 13010103 		addi	sp,sp,48
 160              		.cfi_def_cfa_offset 0
 161 0108 67800000 		jr	ra
 162              		.cfi_endproc
 163              	.LFE48:
 165              		.globl	userMainSemaphore
 166              		.bss
 167              		.align	3
 168              		.set	.LANCHOR0,. + 0
 171              	userMainSemaphore:
 172 0000 00000000 		.zero	8
 172      00000000 
 173              		.text
 174              	.Letext0:
 175              		.file 3 "src/../lib/hw.h"
 176              		.file 4 "src/../h/MemoryAllocator.h"
 177              		.file 5 "src/../h/tcb.h"
 178              		.file 6 "src/../h/syscall_c.h"
GAS LISTING /tmp/ccG5HB3m.s 			page 8


DEFINED SYMBOLS
                            *ABS*:0000000000000000 main.cpp
     /tmp/ccG5HB3m.s:9      .text:0000000000000000 _Z15userMainWrapperPv
     /tmp/ccG5HB3m.s:13     .text:0000000000000000 .L0 
     /tmp/ccG5HB3m.s:15     .text:0000000000000000 .L0 
     /tmp/ccG5HB3m.s:16     .text:0000000000000004 .L0 
     /tmp/ccG5HB3m.s:19     .text:000000000000000c .L0 
     /tmp/ccG5HB3m.s:20     .text:000000000000000c .L0 
     /tmp/ccG5HB3m.s:22     .text:0000000000000010 .L0 
     /tmp/ccG5HB3m.s:24     .text:0000000000000010 .L0 
     /tmp/ccG5HB3m.s:25     .text:0000000000000010 .L0 
     /tmp/ccG5HB3m.s:28     .text:0000000000000018 .L0 
     /tmp/ccG5HB3m.s:29     .text:0000000000000018 .L0 
     /tmp/ccG5HB3m.s:33     .text:0000000000000028 .L0 
     /tmp/ccG5HB3m.s:34     .text:000000000000002c .L0 
     /tmp/ccG5HB3m.s:36     .text:0000000000000030 .L0 
     /tmp/ccG5HB3m.s:37     .text:0000000000000030 .L0 
     /tmp/ccG5HB3m.s:39     .text:0000000000000034 .L0 
     /tmp/ccG5HB3m.s:41     .text:0000000000000038 .L0 
     /tmp/ccG5HB3m.s:47     .text:0000000000000038 _Z10idleThreadPv
     /tmp/ccG5HB3m.s:50     .text:0000000000000038 .L0 
     /tmp/ccG5HB3m.s:51     .text:0000000000000038 .L0 
     /tmp/ccG5HB3m.s:52     .text:000000000000003c .L0 
     /tmp/ccG5HB3m.s:55     .text:0000000000000044 .L0 
     /tmp/ccG5HB3m.s:56     .text:0000000000000044 .L0 
     /tmp/ccG5HB3m.s:58     .text:0000000000000048 .L0 
     /tmp/ccG5HB3m.s:61     .text:0000000000000048 .L0 
     /tmp/ccG5HB3m.s:62     .text:0000000000000048 .L0 
     /tmp/ccG5HB3m.s:63     .text:0000000000000048 .L0 
     /tmp/ccG5HB3m.s:66     .text:0000000000000050 .L0 
     /tmp/ccG5HB3m.s:67     .text:0000000000000054 .L0 
     /tmp/ccG5HB3m.s:73     .text:0000000000000054 main
     /tmp/ccG5HB3m.s:76     .text:0000000000000054 .L0 
     /tmp/ccG5HB3m.s:77     .text:0000000000000054 .L0 
     /tmp/ccG5HB3m.s:78     .text:0000000000000058 .L0 
     /tmp/ccG5HB3m.s:82     .text:0000000000000064 .L0 
     /tmp/ccG5HB3m.s:83     .text:0000000000000064 .L0 
     /tmp/ccG5HB3m.s:84     .text:0000000000000064 .L0 
     /tmp/ccG5HB3m.s:86     .text:0000000000000068 .L0 
     /tmp/ccG5HB3m.s:88     .text:0000000000000068 .L0 
     /tmp/ccG5HB3m.s:89     .text:0000000000000068 .L0 
     /tmp/ccG5HB3m.s:95     .text:0000000000000070 .L0 
    src/../h/riscv.h:137    .text:0000000000000070 .L0 
     /tmp/ccG5HB3m.s:105    .text:0000000000000074 .L0 
     /tmp/ccG5HB3m.s:106    .text:0000000000000074 .L0 
     /tmp/ccG5HB3m.s:109    .text:000000000000007c .L0 
     /tmp/ccG5HB3m.s:110    .text:000000000000007c .L0 
     /tmp/ccG5HB3m.s:114    .text:0000000000000088 .L0 
     /tmp/ccG5HB3m.s:115    .text:0000000000000088 .L0 
     /tmp/ccG5HB3m.s:124    .text:00000000000000a8 .L0 
     /tmp/ccG5HB3m.s:125    .text:00000000000000a8 .L0 
     /tmp/ccG5HB3m.s:128    .text:00000000000000b4 .L0 
     /tmp/ccG5HB3m.s:129    .text:00000000000000b4 .L0 
     /tmp/ccG5HB3m.s:136    .text:00000000000000cc .L0 
     /tmp/ccG5HB3m.s:137    .text:00000000000000cc .L0 
     /tmp/ccG5HB3m.s:138    .text:00000000000000cc .L0 
     /tmp/ccG5HB3m.s:145    .text:00000000000000e8 .L0 
GAS LISTING /tmp/ccG5HB3m.s 			page 9


     /tmp/ccG5HB3m.s:146    .text:00000000000000e8 .L0 
     /tmp/ccG5HB3m.s:150    .text:00000000000000f4 .L0 
     /tmp/ccG5HB3m.s:151    .text:00000000000000f4 .L0 
     /tmp/ccG5HB3m.s:153    .text:00000000000000fc .L0 
     /tmp/ccG5HB3m.s:155    .text:0000000000000100 .L0 
     /tmp/ccG5HB3m.s:156    .text:0000000000000100 .L0 
     /tmp/ccG5HB3m.s:158    .text:0000000000000104 .L0 
     /tmp/ccG5HB3m.s:160    .text:0000000000000108 .L0 
     /tmp/ccG5HB3m.s:162    .text:000000000000010c .L0 
     /tmp/ccG5HB3m.s:171    .bss:0000000000000000 userMainSemaphore
     /tmp/ccG5HB3m.s:168    .bss:0000000000000000 .LANCHOR0
     /tmp/ccG5HB3m.s:179    .text:000000000000010c .L0 
     /tmp/ccG5HB3m.s:29     .text:0000000000000018 .L0 
     /tmp/ccG5HB3m.s:89     .text:0000000000000068 .L0 
     /tmp/ccG5HB3m.s:125    .text:00000000000000a8 .L0 
     /tmp/ccG5HB3m.s:129    .text:00000000000000b4 .L0 
     /tmp/ccG5HB3m.s:140    .text:00000000000000d4 .L0 
     /tmp/ccG5HB3m.s:59     .text:0000000000000048 .L4
     /tmp/ccG5HB3m.s:1548   .debug_abbrev:0000000000000000 .Ldebug_abbrev0
     /tmp/ccG5HB3m.s:2828   .debug_str:000000000000098d .LASF188
     /tmp/ccG5HB3m.s:2592   .debug_str:0000000000000254 .LASF189
     /tmp/ccG5HB3m.s:2840   .debug_str:0000000000000a9d .LASF190
     /tmp/ccG5HB3m.s:5      .text:0000000000000000 .Ltext0
     /tmp/ccG5HB3m.s:174    .text:000000000000010c .Letext0
     /tmp/ccG5HB3m.s:2510   .debug_line:0000000000000000 .Ldebug_line0
     /tmp/ccG5HB3m.s:2626   .debug_str:0000000000000356 .LASF0
     /tmp/ccG5HB3m.s:2650   .debug_str:000000000000042a .LASF1
     /tmp/ccG5HB3m.s:2758   .debug_str:0000000000000787 .LASF2
     /tmp/ccG5HB3m.s:2768   .debug_str:00000000000007f2 .LASF4
     /tmp/ccG5HB3m.s:2636   .debug_str:00000000000003b8 .LASF3
     /tmp/ccG5HB3m.s:2524   .debug_str:0000000000000060 .LASF5
     /tmp/ccG5HB3m.s:2720   .debug_str:000000000000068e .LASF6
     /tmp/ccG5HB3m.s:2642   .debug_str:00000000000003f9 .LASF7
     /tmp/ccG5HB3m.s:2600   .debug_str:0000000000000275 .LASF8
     /tmp/ccG5HB3m.s:2610   .debug_str:00000000000002da .LASF9
     /tmp/ccG5HB3m.s:2548   .debug_str:00000000000000e0 .LASF10
     /tmp/ccG5HB3m.s:2590   .debug_str:0000000000000245 .LASF11
     /tmp/ccG5HB3m.s:2564   .debug_str:0000000000000165 .LASF12
     /tmp/ccG5HB3m.s:2546   .debug_str:00000000000000d0 .LASF13
     /tmp/ccG5HB3m.s:2804   .debug_str:00000000000008fa .LASF14
     /tmp/ccG5HB3m.s:2582   .debug_str:00000000000001f6 .LASF15
     /tmp/ccG5HB3m.s:2792   .debug_str:00000000000008ab .LASF16
     /tmp/ccG5HB3m.s:2872   .debug_str:0000000000000b8a .LASF69
     /tmp/ccG5HB3m.s:2616   .debug_str:0000000000000305 .LASF17
     /tmp/ccG5HB3m.s:2624   .debug_str:000000000000033e .LASF19
     /tmp/ccG5HB3m.s:2778   .debug_str:0000000000000829 .LASF18
     /tmp/ccG5HB3m.s:2586   .debug_str:0000000000000218 .LASF20
     /tmp/ccG5HB3m.s:2628   .debug_str:0000000000000363 .LASF21
     /tmp/ccG5HB3m.s:2880   .debug_str:0000000000000bc2 .LASF22
     /tmp/ccG5HB3m.s:2860   .debug_str:0000000000000b3e .LASF23
     /tmp/ccG5HB3m.s:2848   .debug_str:0000000000000ae0 .LASF25
     /tmp/ccG5HB3m.s:2754   .debug_str:0000000000000773 .LASF27
     /tmp/ccG5HB3m.s:2706   .debug_str:0000000000000611 .LASF29
     /tmp/ccG5HB3m.s:2734   .debug_str:00000000000006ed .LASF24
     /tmp/ccG5HB3m.s:2736   .debug_str:00000000000006f4 .LASF26
     /tmp/ccG5HB3m.s:2698   .debug_str:00000000000005c7 .LASF28
     /tmp/ccG5HB3m.s:2644   .debug_str:000000000000040c .LASF30
GAS LISTING /tmp/ccG5HB3m.s 			page 10


     /tmp/ccG5HB3m.s:2884   .debug_str:0000000000000bea .LASF31
     /tmp/ccG5HB3m.s:2832   .debug_str:0000000000000a5e .LASF32
     /tmp/ccG5HB3m.s:2696   .debug_str:00000000000005bf .LASF33
     /tmp/ccG5HB3m.s:2704   .debug_str:00000000000005fd .LASF34
     /tmp/ccG5HB3m.s:2662   .debug_str:0000000000000486 .LASF35
     /tmp/ccG5HB3m.s:2738   .debug_str:0000000000000707 .LASF36
     /tmp/ccG5HB3m.s:2900   .debug_str:0000000000000c4b .LASF37
     /tmp/ccG5HB3m.s:2632   .debug_str:0000000000000376 .LASF38
     /tmp/ccG5HB3m.s:2800   .debug_str:00000000000008e2 .LASF39
     /tmp/ccG5HB3m.s:2772   .debug_str:00000000000007fe .LASF40
     /tmp/ccG5HB3m.s:2774   .debug_str:0000000000000811 .LASF41
     /tmp/ccG5HB3m.s:2554   .debug_str:000000000000011b .LASF42
     /tmp/ccG5HB3m.s:2578   .debug_str:00000000000001e9 .LASF43
     /tmp/ccG5HB3m.s:2622   .debug_str:000000000000032c .LASF44
     /tmp/ccG5HB3m.s:2630   .debug_str:0000000000000370 .LASF45
     /tmp/ccG5HB3m.s:2572   .debug_str:00000000000001ab .LASF46
     /tmp/ccG5HB3m.s:2526   .debug_str:0000000000000067 .LASF47
     /tmp/ccG5HB3m.s:2764   .debug_str:00000000000007a9 .LASF48
     /tmp/ccG5HB3m.s:2756   .debug_str:000000000000077c .LASF49
     /tmp/ccG5HB3m.s:2894   .debug_str:0000000000000c20 .LASF50
     /tmp/ccG5HB3m.s:2876   .debug_str:0000000000000bb3 .LASF51
     /tmp/ccG5HB3m.s:2888   .debug_str:0000000000000bff .LASF52
     /tmp/ccG5HB3m.s:2870   .debug_str:0000000000000b80 .LASF53
     /tmp/ccG5HB3m.s:2684   .debug_str:0000000000000534 .LASF54
     /tmp/ccG5HB3m.s:2854   .debug_str:0000000000000b11 .LASF55
     /tmp/ccG5HB3m.s:2608   .debug_str:00000000000002be .LASF56
     /tmp/ccG5HB3m.s:2776   .debug_str:0000000000000818 .LASF57
     /tmp/ccG5HB3m.s:2716   .debug_str:0000000000000660 .LASF58
     /tmp/ccG5HB3m.s:2878   .debug_str:0000000000000bbd .LASF59
     /tmp/ccG5HB3m.s:2714   .debug_str:000000000000064f .LASF60
     /tmp/ccG5HB3m.s:2640   .debug_str:00000000000003f4 .LASF61
     /tmp/ccG5HB3m.s:2802   .debug_str:00000000000008e9 .LASF62
     /tmp/ccG5HB3m.s:2722   .debug_str:00000000000006a1 .LASF63
     /tmp/ccG5HB3m.s:2604   .debug_str:0000000000000295 .LASF64
     /tmp/ccG5HB3m.s:2724   .debug_str:00000000000006b1 .LASF83
     /tmp/ccG5HB3m.s:2552   .debug_str:00000000000000f4 .LASF85
     /tmp/ccG5HB3m.s:2806   .debug_str:0000000000000906 .LASF65
     /tmp/ccG5HB3m.s:2700   .debug_str:00000000000005ce .LASF67
     /tmp/ccG5HB3m.s:2568   .debug_str:0000000000000183 .LASF66
     /tmp/ccG5HB3m.s:2692   .debug_str:0000000000000584 .LASF68
     /tmp/ccG5HB3m.s:2718   .debug_str:000000000000067e .LASF70
     /tmp/ccG5HB3m.s:2750   .debug_str:0000000000000759 .LASF91
     /tmp/ccG5HB3m.s:2550   .debug_str:00000000000000ef .LASF71
     /tmp/ccG5HB3m.s:2648   .debug_str:0000000000000425 .LASF72
     /tmp/ccG5HB3m.s:2534   .debug_str:0000000000000092 .LASF73
     /tmp/ccG5HB3m.s:2836   .debug_str:0000000000000a7c .LASF74
     /tmp/ccG5HB3m.s:2594   .debug_str:0000000000000261 .LASF75
     /tmp/ccG5HB3m.s:2678   .debug_str:00000000000004fa .LASF77
     /tmp/ccG5HB3m.s:2596   .debug_str:0000000000000269 .LASF76
     /tmp/ccG5HB3m.s:2710   .debug_str:000000000000062c .LASF78
     /tmp/ccG5HB3m.s:2558   .debug_str:0000000000000141 .LASF79
     /tmp/ccG5HB3m.s:2874   .debug_str:0000000000000b90 .LASF80
     /tmp/ccG5HB3m.s:2588   .debug_str:0000000000000233 .LASF81
     /tmp/ccG5HB3m.s:2638   .debug_str:00000000000003ca .LASF82
     /tmp/ccG5HB3m.s:2796   .debug_str:00000000000008c9 .LASF123
     /tmp/ccG5HB3m.s:2898   .debug_str:0000000000000c45 .LASF84
     /tmp/ccG5HB3m.s:2784   .debug_str:0000000000000853 .LASF86
GAS LISTING /tmp/ccG5HB3m.s 			page 11


     /tmp/ccG5HB3m.s:2530   .debug_str:0000000000000080 .LASF87
     /tmp/ccG5HB3m.s:2766   .debug_str:00000000000007c1 .LASF88
     /tmp/ccG5HB3m.s:2672   .debug_str:00000000000004d3 .LASF89
     /tmp/ccG5HB3m.s:2726   .debug_str:00000000000006c6 .LASF191
     /tmp/ccG5HB3m.s:2850   .debug_str:0000000000000af5 .LASF90
     /tmp/ccG5HB3m.s:2812   .debug_str:0000000000000938 .LASF92
     /tmp/ccG5HB3m.s:2770   .debug_str:00000000000007f9 .LASF93
     /tmp/ccG5HB3m.s:2522   .debug_str:0000000000000054 .LASF94
     /tmp/ccG5HB3m.s:2814   .debug_str:0000000000000940 .LASF101
     /tmp/ccG5HB3m.s:2694   .debug_str:00000000000005a8 .LASF103
     /tmp/ccG5HB3m.s:2538   .debug_str:00000000000000a2 .LASF95
     /tmp/ccG5HB3m.s:2852   .debug_str:0000000000000afa .LASF96
     /tmp/ccG5HB3m.s:2708   .debug_str:0000000000000626 .LASF97
     /tmp/ccG5HB3m.s:2620   .debug_str:000000000000031c .LASF98
     /tmp/ccG5HB3m.s:2518   .debug_str:0000000000000024 .LASF99
     /tmp/ccG5HB3m.s:2732   .debug_str:00000000000006db .LASF100
     /tmp/ccG5HB3m.s:2762   .debug_str:000000000000079f .LASF102
     /tmp/ccG5HB3m.s:2808   .debug_str:000000000000091b .LASF104
     /tmp/ccG5HB3m.s:2654   .debug_str:0000000000000443 .LASF105
     /tmp/ccG5HB3m.s:2862   .debug_str:0000000000000b47 .LASF106
     /tmp/ccG5HB3m.s:2646   .debug_str:000000000000041f .LASF107
     /tmp/ccG5HB3m.s:2570   .debug_str:000000000000019a .LASF108
     /tmp/ccG5HB3m.s:2830   .debug_str:0000000000000a51 .LASF109
     /tmp/ccG5HB3m.s:2666   .debug_str:0000000000000496 .LASF110
     /tmp/ccG5HB3m.s:2712   .debug_str:000000000000064a .LASF192
     /tmp/ccG5HB3m.s:2652   .debug_str:000000000000043d .LASF111
     /tmp/ccG5HB3m.s:2752   .debug_str:0000000000000763 .LASF112
     /tmp/ccG5HB3m.s:2826   .debug_str:0000000000000985 .LASF193
     /tmp/ccG5HB3m.s:2896   .debug_str:0000000000000c38 .LASF113
     /tmp/ccG5HB3m.s:2606   .debug_str:00000000000002b2 .LASF114
     /tmp/ccG5HB3m.s:2516   .debug_str:0000000000000014 .LASF115
     /tmp/ccG5HB3m.s:2702   .debug_str:00000000000005f0 .LASF116
     /tmp/ccG5HB3m.s:2844   .debug_str:0000000000000aca .LASF117
     /tmp/ccG5HB3m.s:2748   .debug_str:0000000000000740 .LASF118
     /tmp/ccG5HB3m.s:2584   .debug_str:000000000000020c .LASF119
     /tmp/ccG5HB3m.s:2856   .debug_str:0000000000000b20 .LASF120
     /tmp/ccG5HB3m.s:2760   .debug_str:0000000000000795 .LASF121
     /tmp/ccG5HB3m.s:2602   .debug_str:0000000000000285 .LASF122
     /tmp/ccG5HB3m.s:2890   .debug_str:0000000000000c15 .LASF124
     /tmp/ccG5HB3m.s:2660   .debug_str:000000000000047f .LASF125
     /tmp/ccG5HB3m.s:2544   .debug_str:00000000000000c5 .LASF126
     /tmp/ccG5HB3m.s:2528   .debug_str:0000000000000072 .LASF127
     /tmp/ccG5HB3m.s:2576   .debug_str:00000000000001c6 .LASF194
     /tmp/ccG5HB3m.s:2514   .debug_str:000000000000000f .LASF128
     /tmp/ccG5HB3m.s:2892   .debug_str:0000000000000c1a .LASF129
     /tmp/ccG5HB3m.s:2846   .debug_str:0000000000000ad8 .LASF130
     /tmp/ccG5HB3m.s:2790   .debug_str:00000000000008a2 .LASF131
     /tmp/ccG5HB3m.s:2834   .debug_str:0000000000000a72 .LASF132
     /tmp/ccG5HB3m.s:2680   .debug_str:0000000000000519 .LASF133
     /tmp/ccG5HB3m.s:2580   .debug_str:00000000000001ef .LASF134
     /tmp/ccG5HB3m.s:2730   .debug_str:00000000000006d3 .LASF135
     /tmp/ccG5HB3m.s:2810   .debug_str:000000000000092f .LASF136
     /tmp/ccG5HB3m.s:2842   .debug_str:0000000000000ac0 .LASF137
     /tmp/ccG5HB3m.s:2782   .debug_str:0000000000000848 .LASF138
     /tmp/ccG5HB3m.s:2902   .debug_str:0000000000000c53 .LASF139
     /tmp/ccG5HB3m.s:2864   .debug_str:0000000000000b60 .LASF140
     /tmp/ccG5HB3m.s:2566   .debug_str:0000000000000175 .LASF141
GAS LISTING /tmp/ccG5HB3m.s 			page 12


     /tmp/ccG5HB3m.s:2520   .debug_str:000000000000002c .LASF142
     /tmp/ccG5HB3m.s:2540   .debug_str:00000000000000ae .LASF143
     /tmp/ccG5HB3m.s:2656   .debug_str:0000000000000450 .LASF144
     /tmp/ccG5HB3m.s:2574   .debug_str:00000000000001bd .LASF145
     /tmp/ccG5HB3m.s:2556   .debug_str:000000000000012e .LASF146
     /tmp/ccG5HB3m.s:2780   .debug_str:0000000000000837 .LASF147
     /tmp/ccG5HB3m.s:2886   .debug_str:0000000000000bf2 .LASF148
     /tmp/ccG5HB3m.s:2688   .debug_str:0000000000000557 .LASF149
     /tmp/ccG5HB3m.s:2820   .debug_str:0000000000000962 .LASF150
     /tmp/ccG5HB3m.s:2512   .debug_str:0000000000000000 .LASF151
     /tmp/ccG5HB3m.s:2794   .debug_str:00000000000008c1 .LASF152
     /tmp/ccG5HB3m.s:2818   .debug_str:0000000000000950 .LASF153
     /tmp/ccG5HB3m.s:2822   .debug_str:0000000000000967 .LASF154
     /tmp/ccG5HB3m.s:2788   .debug_str:000000000000088a .LASF155
     /tmp/ccG5HB3m.s:2866   .debug_str:0000000000000b6b .LASF156
     /tmp/ccG5HB3m.s:2560   .debug_str:000000000000014c .LASF157
     /tmp/ccG5HB3m.s:2740   .debug_str:000000000000071b .LASF158
     /tmp/ccG5HB3m.s:2664   .debug_str:000000000000048e .LASF159
     /tmp/ccG5HB3m.s:2668   .debug_str:00000000000004c4 .LASF160
     /tmp/ccG5HB3m.s:2532   .debug_str:0000000000000089 .LASF161
     /tmp/ccG5HB3m.s:2542   .debug_str:00000000000000bc .LASF162
     /tmp/ccG5HB3m.s:2858   .debug_str:0000000000000b37 .LASF163
     /tmp/ccG5HB3m.s:2562   .debug_str:0000000000000157 .LASF164
     /tmp/ccG5HB3m.s:2816   .debug_str:000000000000094b .LASF165
     /tmp/ccG5HB3m.s:2868   .debug_str:0000000000000b77 .LASF166
     /tmp/ccG5HB3m.s:2618   .debug_str:0000000000000310 .LASF195
     /tmp/ccG5HB3m.s:2670   .debug_str:00000000000004cd .LASF167
     /tmp/ccG5HB3m.s:2612   .debug_str:00000000000002e8 .LASF168
     /tmp/ccG5HB3m.s:2838   .debug_str:0000000000000a98 .LASF169
     /tmp/ccG5HB3m.s:74     .text:0000000000000054 .LFB48
     /tmp/ccG5HB3m.s:163    .text:000000000000010c .LFE48
     /tmp/ccG5HB3m.s:2728   .debug_str:00000000000006cb .LASF170
     /tmp/ccG5HB3m.s:2476   .debug_loc:0000000000000000 .LLST1
     /tmp/ccG5HB3m.s:2744   .debug_str:0000000000000732 .LASF171
     /tmp/ccG5HB3m.s:91     .text:0000000000000070 .LBB4
     /tmp/ccG5HB3m.s:103    .text:0000000000000074 .LBE4
     /tmp/ccG5HB3m.s:107    .text:000000000000007c .LVL6
     /tmp/ccG5HB3m.s:112    .text:0000000000000088 .LVL7
     /tmp/ccG5HB3m.s:122    .text:00000000000000a8 .LVL8
     /tmp/ccG5HB3m.s:134    .text:00000000000000cc .LVL10
     /tmp/ccG5HB3m.s:143    .text:00000000000000e8 .LVL11
     /tmp/ccG5HB3m.s:148    .text:00000000000000f4 .LVL12
     /tmp/ccG5HB3m.s:2536   .debug_str:0000000000000097 .LASF172
     /tmp/ccG5HB3m.s:2676   .debug_str:00000000000004e9 .LASF173
     /tmp/ccG5HB3m.s:48     .text:0000000000000038 .LFB47
     /tmp/ccG5HB3m.s:68     .text:0000000000000054 .LFE47
     /tmp/ccG5HB3m.s:64     .text:0000000000000050 .LVL3
     /tmp/ccG5HB3m.s:2682   .debug_str:0000000000000524 .LASF174
     /tmp/ccG5HB3m.s:2658   .debug_str:0000000000000469 .LASF175
     /tmp/ccG5HB3m.s:10     .text:0000000000000000 .LFB46
     /tmp/ccG5HB3m.s:42     .text:0000000000000038 .LFE46
     /tmp/ccG5HB3m.s:2483   .debug_loc:0000000000000023 .LLST0
     /tmp/ccG5HB3m.s:26     .text:0000000000000018 .LVL1
     /tmp/ccG5HB3m.s:31     .text:0000000000000028 .LVL2
     /tmp/ccG5HB3m.s:2598   .debug_str:000000000000026f .LASF196
     /tmp/ccG5HB3m.s:2824   .debug_str:0000000000000972 .LASF176
     /tmp/ccG5HB3m.s:2746   .debug_str:0000000000000737 .LASF178
GAS LISTING /tmp/ccG5HB3m.s 			page 13


     /tmp/ccG5HB3m.s:2634   .debug_str:000000000000038a .LASF177
     /tmp/ccG5HB3m.s:2882   .debug_str:0000000000000bdc .LASF179
     /tmp/ccG5HB3m.s:2674   .debug_str:00000000000004d8 .LASF180
     /tmp/ccG5HB3m.s:2904   .debug_str:0000000000000c5f .LASF181
     /tmp/ccG5HB3m.s:2690   .debug_str:000000000000056f .LASF182
     /tmp/ccG5HB3m.s:2742   .debug_str:0000000000000722 .LASF183
     /tmp/ccG5HB3m.s:2686   .debug_str:000000000000054a .LASF184
     /tmp/ccG5HB3m.s:2786   .debug_str:0000000000000881 .LASF185
     /tmp/ccG5HB3m.s:2798   .debug_str:00000000000008ce .LASF186
     /tmp/ccG5HB3m.s:2614   .debug_str:00000000000002fa .LASF187
     /tmp/ccG5HB3m.s:132    .text:00000000000000c4 .LVL9
     /tmp/ccG5HB3m.s:14     .text:0000000000000000 .LVL0
     /tmp/ccG5HB3m.s:180    .debug_info:0000000000000000 .Ldebug_info0

UNDEFINED SYMBOLS
_Z8userMainv
_Z10sem_signalP3Sem
_Z15thread_dispatchv
_ZN5Riscv14supervisorTrapEv
_ZN15MemoryAllocator4initEv
_ZN3TCB13setMaxThreadsEi
_ZN3TCB12createThreadEPFvPvES0_bS0_bNS_4prioE
_ZN3TCB7runningE
_Z8sem_openPP3Semj
_Z13thread_createPP3TCBPFvPvES2_11thread_prio
_Z8sem_waitP3Sem
