GAS LISTING /tmp/ccl3B6bv.s 			page 1


   1              		.file	"ThreadSleep.cpp"
   2              		.option pic
   3              		.option norelax
   4              		.text
   5              	.Ltext0:
   6              		.align	2
   7              		.globl	_ZN12SleepManager14SleepingThreadnwEm
   9              	_ZN12SleepManager14SleepingThreadnwEm:
  10              	.LFB28:
  11              		.file 1 "src/ThreadSleep.cpp"
   1:src/ThreadSleep.cpp **** //
   2:src/ThreadSleep.cpp **** // Created by os on 9/21/25.
   3:src/ThreadSleep.cpp **** //
   4:src/ThreadSleep.cpp **** #include "../h/ThreadSleep.h"
   5:src/ThreadSleep.cpp **** #include "../h/Scheduler.h"
   6:src/ThreadSleep.cpp **** #include "../h/syscall_c.h"
   7:src/ThreadSleep.cpp **** 
   8:src/ThreadSleep.cpp **** uint64 SleepManager::curtime=0;
   9:src/ThreadSleep.cpp **** SleepManager::SleepingThread* SleepManager::head = nullptr;
  10:src/ThreadSleep.cpp **** 
  11:src/ThreadSleep.cpp **** void* SleepManager::SleepingThread::operator new(size_t size) {
  12              		.loc 1 11 63
  13              		.cfi_startproc
  14              	.LVL0:
  15 0000 130101FF 		addi	sp,sp,-16
  16              		.cfi_def_cfa_offset 16
  17 0004 23341100 		sd	ra,8(sp)
  18 0008 23308100 		sd	s0,0(sp)
  19              		.cfi_offset 1, -8
  20              		.cfi_offset 8, -16
  21 000c 13040101 		addi	s0,sp,16
  22              		.cfi_def_cfa 8, 0
  12:src/ThreadSleep.cpp ****     return MemoryAllocator::kmalloc(size);
  23              		.loc 1 12 5
  24              		.loc 1 12 36 is_stmt 0
  25 0010 97000000 		call	_ZN15MemoryAllocator7kmallocEm@plt
  25      E7800000 
  26              	.LVL1:
  13:src/ThreadSleep.cpp **** }
  27              		.loc 1 13 1
  28 0018 83308100 		ld	ra,8(sp)
  29              		.cfi_restore 1
  30 001c 03340100 		ld	s0,0(sp)
  31              		.cfi_restore 8
  32              		.cfi_def_cfa 2, 16
  33 0020 13010101 		addi	sp,sp,16
  34              		.cfi_def_cfa_offset 0
  35 0024 67800000 		jr	ra
  36              		.cfi_endproc
  37              	.LFE28:
  39              		.align	2
  40              		.globl	_ZN12SleepManager14SleepingThreaddlEPv
  42              	_ZN12SleepManager14SleepingThreaddlEPv:
  43              	.LFB29:
  14:src/ThreadSleep.cpp **** 
  15:src/ThreadSleep.cpp **** void SleepManager::SleepingThread::operator delete(void* ptr) {
  44              		.loc 1 15 63 is_stmt 1
GAS LISTING /tmp/ccl3B6bv.s 			page 2


  45              		.cfi_startproc
  46              	.LVL2:
  47 0028 130101FF 		addi	sp,sp,-16
  48              		.cfi_def_cfa_offset 16
  49 002c 23341100 		sd	ra,8(sp)
  50 0030 23308100 		sd	s0,0(sp)
  51              		.cfi_offset 1, -8
  52              		.cfi_offset 8, -16
  53 0034 13040101 		addi	s0,sp,16
  54              		.cfi_def_cfa 8, 0
  16:src/ThreadSleep.cpp ****     MemoryAllocator::kfree(ptr);
  55              		.loc 1 16 5
  56              		.loc 1 16 27 is_stmt 0
  57 0038 97000000 		call	_ZN15MemoryAllocator5kfreeEPv@plt
  57      E7800000 
  58              	.LVL3:
  17:src/ThreadSleep.cpp **** }
  59              		.loc 1 17 1
  60 0040 83308100 		ld	ra,8(sp)
  61              		.cfi_restore 1
  62 0044 03340100 		ld	s0,0(sp)
  63              		.cfi_restore 8
  64              		.cfi_def_cfa 2, 16
  65 0048 13010101 		addi	sp,sp,16
  66              		.cfi_def_cfa_offset 0
  67 004c 67800000 		jr	ra
  68              		.cfi_endproc
  69              	.LFE29:
  71              		.align	2
  72              		.globl	_ZN12SleepManager6wakeUpEv
  74              	_ZN12SleepManager6wakeUpEv:
  75              	.LFB31:
  18:src/ThreadSleep.cpp **** 
  19:src/ThreadSleep.cpp **** int SleepManager::threadSleep(uint64 time) {
  20:src/ThreadSleep.cpp ****     if(time==0)return 0;
  21:src/ThreadSleep.cpp ****     TCB* running=TCB::running;
  22:src/ThreadSleep.cpp ****     running->sleeping= true;
  23:src/ThreadSleep.cpp ****     running->sleepTime=time;
  24:src/ThreadSleep.cpp ****     insertThread(running,time);
  25:src/ThreadSleep.cpp ****     TCB::dispatch();
  26:src/ThreadSleep.cpp ****     return 0;
  27:src/ThreadSleep.cpp **** }
  28:src/ThreadSleep.cpp **** 
  29:src/ThreadSleep.cpp **** void SleepManager::wakeUp() {
  76              		.loc 1 29 29 is_stmt 1
  77              		.cfi_startproc
  30:src/ThreadSleep.cpp ****     if(head==nullptr) return;
  78              		.loc 1 30 5
  79              		.loc 1 30 12 is_stmt 0
  80 0050 97070000 		ld	a5,.LANCHOR0
  80      83B70700 
  81              		.loc 1 30 5
  82 0058 638E0708 		beqz	a5,.L10
  31:src/ThreadSleep.cpp ****     head->relativeSleepTime--;
  83              		.loc 1 31 5 is_stmt 1
  84              		.loc 1 31 11 is_stmt 0
  85 005c 03B78700 		ld	a4,8(a5)
GAS LISTING /tmp/ccl3B6bv.s 			page 3


  86              		.loc 1 31 28
  87 0060 1307F7FF 		addi	a4,a4,-1
  88 0064 23B4E700 		sd	a4,8(a5)
  32:src/ThreadSleep.cpp ****     while(head && head->relativeSleepTime==0)
  89              		.loc 1 32 5 is_stmt 1
  90              		.loc 1 32 16
  91              		.loc 1 32 44 is_stmt 0
  92 0068 97070000 		ld	a5,.LANCHOR0
  92      83B70700 
  93              		.loc 1 32 16
  94 0070 63820708 		beqz	a5,.L10
  95              		.loc 1 32 25
  96 0074 03B78700 		ld	a4,8(a5)
  97              		.loc 1 32 16
  98 0078 631E0706 		bnez	a4,.L10
  29:src/ThreadSleep.cpp ****     if(head==nullptr) return;
  99              		.loc 1 29 29
 100 007c 130101FF 		addi	sp,sp,-16
 101              		.cfi_def_cfa_offset 16
 102 0080 23341100 		sd	ra,8(sp)
 103 0084 23308100 		sd	s0,0(sp)
 104              		.cfi_offset 1, -8
 105              		.cfi_offset 8, -16
 106 0088 13040101 		addi	s0,sp,16
 107              		.cfi_def_cfa 8, 0
 108              	.L13:
 109              	.LBB2:
  33:src/ThreadSleep.cpp ****     {
  34:src/ThreadSleep.cpp ****         head->thread->sleeping=false;
 110              		.loc 1 34 9 is_stmt 1
 111              		.loc 1 34 15 is_stmt 0
 112 008c 03B70700 		ld	a4,0(a5)
 113              		.loc 1 34 31
 114 0090 A3000706 		sb	zero,97(a4)
  35:src/ThreadSleep.cpp ****         head->thread->sleepTime=-1;
 115              		.loc 1 35 9 is_stmt 1
 116              		.loc 1 35 15 is_stmt 0
 117 0094 03B70700 		ld	a4,0(a5)
 118              		.loc 1 35 32
 119 0098 9306F0FF 		li	a3,-1
 120 009c 2334D706 		sd	a3,104(a4)
  36:src/ThreadSleep.cpp ****         Scheduler::put(head->thread);
 121              		.loc 1 36 9 is_stmt 1
 122              		.loc 1 36 23 is_stmt 0
 123 00a0 03B50700 		ld	a0,0(a5)
 124 00a4 97000000 		call	_ZN9Scheduler3putEP3TCB@plt
 124      E7800000 
 125              	.LVL4:
  37:src/ThreadSleep.cpp ****         SleepingThread* oldhead=head;
 126              		.loc 1 37 9 is_stmt 1
 127              		.loc 1 37 25 is_stmt 0
 128 00ac 97070000 		lla	a5,.LANCHOR0
 128      93870700 
 129 00b4 03B50700 		ld	a0,0(a5)
 130              	.LVL5:
  38:src/ThreadSleep.cpp ****         head=head->next;
 131              		.loc 1 38 9 is_stmt 1
GAS LISTING /tmp/ccl3B6bv.s 			page 4


 132              		.loc 1 38 20 is_stmt 0
 133 00b8 03370501 		ld	a4,16(a0)
 134              		.loc 1 38 13
 135 00bc 23B0E700 		sd	a4,0(a5)
  39:src/ThreadSleep.cpp ****         delete oldhead;
 136              		.loc 1 39 9 is_stmt 1
 137              		.loc 1 39 23 is_stmt 0
 138 00c0 63140502 		bnez	a0,.L16
 139              	.LVL6:
 140              	.L7:
 141              	.LBE2:
  32:src/ThreadSleep.cpp ****     {
 142              		.loc 1 32 5 is_stmt 1
  32:src/ThreadSleep.cpp ****     {
 143              		.loc 1 32 16
  32:src/ThreadSleep.cpp ****     {
 144              		.loc 1 32 44 is_stmt 0
 145 00c4 97070000 		ld	a5,.LANCHOR0
 145      83B70700 
  32:src/ThreadSleep.cpp ****     {
 146              		.loc 1 32 16
 147 00cc 63860700 		beqz	a5,.L5
  32:src/ThreadSleep.cpp ****     {
 148              		.loc 1 32 25 discriminator 1
 149 00d0 03B78700 		ld	a4,8(a5)
  32:src/ThreadSleep.cpp ****     {
 150              		.loc 1 32 16 discriminator 1
 151 00d4 E30C07FA 		beqz	a4,.L13
 152              	.L5:
  40:src/ThreadSleep.cpp ****     }
  41:src/ThreadSleep.cpp **** }
 153              		.loc 1 41 1
 154 00d8 83308100 		ld	ra,8(sp)
 155              		.cfi_remember_state
 156              		.cfi_restore 1
 157 00dc 03340100 		ld	s0,0(sp)
 158              		.cfi_restore 8
 159              		.cfi_def_cfa 2, 16
 160 00e0 13010101 		addi	sp,sp,16
 161              		.cfi_def_cfa_offset 0
 162 00e4 67800000 		jr	ra
 163              	.LVL7:
 164              	.L16:
 165              		.cfi_restore_state
 166              	.LBB3:
  39:src/ThreadSleep.cpp ****     }
 167              		.loc 1 39 16 discriminator 1
 168 00e8 97000000 		call	_ZN12SleepManager14SleepingThreaddlEPv
 168      E7800000 
 169              	.LVL8:
 170 00f0 6FF05FFD 		j	.L7
 171              	.L10:
 172              		.cfi_def_cfa_register 2
 173              		.cfi_restore 1
 174              		.cfi_restore 8
 175 00f4 67800000 		ret
 176              	.LBE3:
GAS LISTING /tmp/ccl3B6bv.s 			page 5


 177              		.cfi_endproc
 178              	.LFE31:
 180              		.align	2
 181              		.globl	_ZN12SleepManager12insertThreadEP3TCBm
 183              	_ZN12SleepManager12insertThreadEP3TCBm:
 184              	.LFB32:
  42:src/ThreadSleep.cpp **** 
  43:src/ThreadSleep.cpp **** void SleepManager::insertThread(TCB* thread, uint64 time){
 185              		.loc 1 43 58 is_stmt 1
 186              		.cfi_startproc
 187              	.LVL9:
 188 00f8 130101FE 		addi	sp,sp,-32
 189              		.cfi_def_cfa_offset 32
 190 00fc 233C1100 		sd	ra,24(sp)
 191 0100 23388100 		sd	s0,16(sp)
 192 0104 23349100 		sd	s1,8(sp)
 193 0108 23302101 		sd	s2,0(sp)
 194              		.cfi_offset 1, -8
 195              		.cfi_offset 8, -16
 196              		.cfi_offset 9, -24
 197              		.cfi_offset 18, -32
 198 010c 13040102 		addi	s0,sp,32
 199              		.cfi_def_cfa 8, 0
 200 0110 13090500 		mv	s2,a0
 201 0114 93840500 		mv	s1,a1
  44:src/ThreadSleep.cpp ****     SleepingThread* newSleepingThread=new SleepingThread();
 202              		.loc 1 44 5
 203              		.loc 1 44 58 is_stmt 0
 204 0118 13058001 		li	a0,24
 205              	.LVL10:
 206 011c 97000000 		call	_ZN12SleepManager14SleepingThreadnwEm
 206      E7800000 
 207              	.LVL11:
 208 0124 23380500 		sd	zero,16(a0)
 209              	.LVL12:
  45:src/ThreadSleep.cpp ****     newSleepingThread->thread=thread;
 210              		.loc 1 45 5 is_stmt 1
 211              		.loc 1 45 30 is_stmt 0
 212 0128 23302501 		sd	s2,0(a0)
  46:src/ThreadSleep.cpp ****     newSleepingThread->relativeSleepTime=time;
 213              		.loc 1 46 5 is_stmt 1
 214              		.loc 1 46 41 is_stmt 0
 215 012c 23349500 		sd	s1,8(a0)
  47:src/ThreadSleep.cpp ****     newSleepingThread->next= nullptr;
 216              		.loc 1 47 5 is_stmt 1
  48:src/ThreadSleep.cpp ****     if(head==nullptr)
 217              		.loc 1 48 5
 218              		.loc 1 48 12 is_stmt 0
 219 0130 97070000 		ld	a5,.LANCHOR0
 219      83B70700 
 220              		.loc 1 48 5
 221 0138 638A0702 		beqz	a5,.L24
  49:src/ThreadSleep.cpp ****     {
  50:src/ThreadSleep.cpp ****         head=newSleepingThread;
  51:src/ThreadSleep.cpp ****         return;
  52:src/ThreadSleep.cpp ****     }
  53:src/ThreadSleep.cpp ****     if(newSleepingThread->relativeSleepTime<head->relativeSleepTime)
GAS LISTING /tmp/ccl3B6bv.s 			page 6


 222              		.loc 1 53 5 is_stmt 1
 223              		.loc 1 53 51 is_stmt 0
 224 013c 03B78700 		ld	a4,8(a5)
 225              		.loc 1 53 5
 226 0140 63ECE402 		bgtu	a4,s1,.L25
  54:src/ThreadSleep.cpp ****     {
  55:src/ThreadSleep.cpp ****         newSleepingThread->next=head;
  56:src/ThreadSleep.cpp ****         head->relativeSleepTime-=newSleepingThread->relativeSleepTime;
  57:src/ThreadSleep.cpp ****         head=newSleepingThread;
  58:src/ThreadSleep.cpp ****         return;
  59:src/ThreadSleep.cpp ****     }
  60:src/ThreadSleep.cpp ****     SleepingThread* cur=head;
  61:src/ThreadSleep.cpp ****     SleepingThread* prev= nullptr;
 227              		.loc 1 61 21
 228 0144 13060000 		li	a2,0
 229              	.L20:
 230              	.LVL13:
  62:src/ThreadSleep.cpp ****     while(cur && cur->relativeSleepTime>=newSleepingThread->relativeSleepTime)
 231              		.loc 1 62 5 is_stmt 1
 232              		.loc 1 62 15
 233 0148 63860704 		beqz	a5,.L21
 234              		.loc 1 62 23 is_stmt 0 discriminator 1
 235 014c 83B68700 		ld	a3,8(a5)
 236              		.loc 1 62 61 discriminator 1
 237 0150 03378500 		ld	a4,8(a0)
 238              		.loc 1 62 15 discriminator 1
 239 0154 63E0E604 		bltu	a3,a4,.L21
  63:src/ThreadSleep.cpp ****     {
  64:src/ThreadSleep.cpp ****         newSleepingThread->relativeSleepTime-=cur->relativeSleepTime;
 240              		.loc 1 64 9 is_stmt 1
 241              		.loc 1 64 45 is_stmt 0
 242 0158 3307D740 		sub	a4,a4,a3
 243 015c 2334E500 		sd	a4,8(a0)
  65:src/ThreadSleep.cpp ****         prev=cur;
 244              		.loc 1 65 9 is_stmt 1
 245              	.LVL14:
  66:src/ThreadSleep.cpp ****         cur=cur->next;
 246              		.loc 1 66 9
  65:src/ThreadSleep.cpp ****         prev=cur;
 247              		.loc 1 65 13 is_stmt 0
 248 0160 13860700 		mv	a2,a5
 249              		.loc 1 66 12
 250 0164 83B70701 		ld	a5,16(a5)
 251              	.LVL15:
  62:src/ThreadSleep.cpp ****     {
 252              		.loc 1 62 5
 253 0168 6FF01FFE 		j	.L20
 254              	.LVL16:
 255              	.L24:
  50:src/ThreadSleep.cpp ****         return;
 256              		.loc 1 50 9 is_stmt 1
  50:src/ThreadSleep.cpp ****         return;
 257              		.loc 1 50 13 is_stmt 0
 258 016c 97070000 		sd	a0,.LANCHOR0,a5
 258      23B0A700 
  51:src/ThreadSleep.cpp ****     }
 259              		.loc 1 51 9 is_stmt 1
GAS LISTING /tmp/ccl3B6bv.s 			page 7


 260 0174 6F00C003 		j	.L17
 261              	.L25:
  55:src/ThreadSleep.cpp ****         head->relativeSleepTime-=newSleepingThread->relativeSleepTime;
 262              		.loc 1 55 9
  55:src/ThreadSleep.cpp ****         head->relativeSleepTime-=newSleepingThread->relativeSleepTime;
 263              		.loc 1 55 32 is_stmt 0
 264 0178 2338F500 		sd	a5,16(a0)
  56:src/ThreadSleep.cpp ****         head=newSleepingThread;
 265              		.loc 1 56 9 is_stmt 1
  56:src/ThreadSleep.cpp ****         head=newSleepingThread;
 266              		.loc 1 56 32 is_stmt 0
 267 017c 03B78700 		ld	a4,8(a5)
 268 0180 B3049740 		sub	s1,a4,s1
 269              	.LVL17:
 270 0184 23B49700 		sd	s1,8(a5)
 271              	.LVL18:
  57:src/ThreadSleep.cpp ****         return;
 272              		.loc 1 57 9 is_stmt 1
  57:src/ThreadSleep.cpp ****         return;
 273              		.loc 1 57 13 is_stmt 0
 274 0188 97070000 		sd	a0,.LANCHOR0,a5
 274      23B0A700 
  58:src/ThreadSleep.cpp ****     }
 275              		.loc 1 58 9 is_stmt 1
 276 0190 6F000002 		j	.L17
 277              	.LVL19:
 278              	.L21:
  67:src/ThreadSleep.cpp ****     }
  68:src/ThreadSleep.cpp ****     newSleepingThread->next=cur;
 279              		.loc 1 68 5
 280              		.loc 1 68 28 is_stmt 0
 281 0194 2338F500 		sd	a5,16(a0)
  69:src/ThreadSleep.cpp ****     prev->next=newSleepingThread;
 282              		.loc 1 69 5 is_stmt 1
 283              		.loc 1 69 15 is_stmt 0
 284 0198 2338A600 		sd	a0,16(a2)
  70:src/ThreadSleep.cpp ****     if(cur)cur->relativeSleepTime-=newSleepingThread->relativeSleepTime;
 285              		.loc 1 70 5 is_stmt 1
 286 019c 638A0700 		beqz	a5,.L17
 287              		.loc 1 70 12 discriminator 1
 288              		.loc 1 70 55 is_stmt 0 discriminator 1
 289 01a0 83368500 		ld	a3,8(a0)
 290              		.loc 1 70 34 discriminator 1
 291 01a4 03B78700 		ld	a4,8(a5)
 292 01a8 3307D740 		sub	a4,a4,a3
 293 01ac 23B4E700 		sd	a4,8(a5)
 294              	.LVL20:
 295              	.L17:
  71:src/ThreadSleep.cpp **** }...
 296              		.loc 1 71 1
 297 01b0 83308101 		ld	ra,24(sp)
 298              		.cfi_restore 1
 299 01b4 03340101 		ld	s0,16(sp)
 300              		.cfi_restore 8
 301              		.cfi_def_cfa 2, 32
 302 01b8 83348100 		ld	s1,8(sp)
 303              		.cfi_restore 9
GAS LISTING /tmp/ccl3B6bv.s 			page 8


 304 01bc 03390100 		ld	s2,0(sp)
 305              		.cfi_restore 18
 306              	.LVL21:
 307 01c0 13010102 		addi	sp,sp,32
 308              		.cfi_def_cfa_offset 0
 309 01c4 67800000 		jr	ra
 310              		.cfi_endproc
 311              	.LFE32:
 313              		.align	2
 314              		.globl	_ZN12SleepManager11threadSleepEm
 316              	_ZN12SleepManager11threadSleepEm:
 317              	.LFB30:
  19:src/ThreadSleep.cpp **** int SleepManager::threadSleep(uint64 time) {
 318              		.loc 1 19 44 is_stmt 1
 319              		.cfi_startproc
 320              	.LVL22:
  20:src/ThreadSleep.cpp ****     if(time==0)return 0;
 321              		.loc 1 20 5
 322 01c8 63160500 		bnez	a0,.L32
  27:src/ThreadSleep.cpp **** }
 323              		.loc 1 27 1 is_stmt 0
 324 01cc 13050000 		li	a0,0
 325              	.LVL23:
 326 01d0 67800000 		ret
 327              	.LVL24:
 328              	.L32:
  19:src/ThreadSleep.cpp **** int SleepManager::threadSleep(uint64 time) {
 329              		.loc 1 19 44
 330 01d4 130101FF 		addi	sp,sp,-16
 331              		.cfi_def_cfa_offset 16
 332 01d8 23341100 		sd	ra,8(sp)
 333 01dc 23308100 		sd	s0,0(sp)
 334              		.cfi_offset 1, -8
 335              		.cfi_offset 8, -16
 336 01e0 13040101 		addi	s0,sp,16
 337              		.cfi_def_cfa 8, 0
 338 01e4 93050500 		mv	a1,a0
  21:src/ThreadSleep.cpp ****     TCB* running=TCB::running;
 339              		.loc 1 21 5 is_stmt 1
  21:src/ThreadSleep.cpp ****     TCB* running=TCB::running;
 340              		.loc 1 21 10 is_stmt 0
 341 01e8 97070000 		la	a5,_ZN3TCB7runningE
 341      83B70700 
 342 01f0 03B50700 		ld	a0,0(a5)
 343              	.LVL25:
  22:src/ThreadSleep.cpp ****     running->sleeping= true;
 344              		.loc 1 22 5 is_stmt 1
  22:src/ThreadSleep.cpp ****     running->sleeping= true;
 345              		.loc 1 22 22 is_stmt 0
 346 01f4 93071000 		li	a5,1
 347 01f8 A300F506 		sb	a5,97(a0)
  23:src/ThreadSleep.cpp ****     running->sleepTime=time;
 348              		.loc 1 23 5 is_stmt 1
  23:src/ThreadSleep.cpp ****     running->sleepTime=time;
 349              		.loc 1 23 23 is_stmt 0
 350 01fc 2334B506 		sd	a1,104(a0)
  24:src/ThreadSleep.cpp ****     insertThread(running,time);
GAS LISTING /tmp/ccl3B6bv.s 			page 9


 351              		.loc 1 24 5 is_stmt 1
  24:src/ThreadSleep.cpp ****     insertThread(running,time);
 352              		.loc 1 24 17 is_stmt 0
 353 0200 97000000 		call	_ZN12SleepManager12insertThreadEP3TCBm
 353      E7800000 
 354              	.LVL26:
  25:src/ThreadSleep.cpp ****     TCB::dispatch();
 355              		.loc 1 25 5 is_stmt 1
  25:src/ThreadSleep.cpp ****     TCB::dispatch();
 356              		.loc 1 25 18 is_stmt 0
 357 0208 97000000 		call	_ZN3TCB8dispatchEv@plt
 357      E7800000 
 358              	.LVL27:
  26:src/ThreadSleep.cpp ****     return 0;
 359              		.loc 1 26 5 is_stmt 1
  27:src/ThreadSleep.cpp **** }
 360              		.loc 1 27 1 is_stmt 0
 361 0210 13050000 		li	a0,0
 362 0214 83308100 		ld	ra,8(sp)
 363              		.cfi_restore 1
 364 0218 03340100 		ld	s0,0(sp)
 365              		.cfi_restore 8
 366              		.cfi_def_cfa 2, 16
 367 021c 13010101 		addi	sp,sp,16
 368              		.cfi_def_cfa_offset 0
 369 0220 67800000 		jr	ra
 370              		.cfi_endproc
 371              	.LFE30:
 373              		.globl	_ZN12SleepManager4headE
 374              		.globl	_ZN12SleepManager7curtimeE
 375              		.bss
 376              		.align	3
 377              		.set	.LANCHOR0,. + 0
 380              	_ZN12SleepManager4headE:
 381 0000 00000000 		.zero	8
 381      00000000 
 384              	_ZN12SleepManager7curtimeE:
 385 0008 00000000 		.zero	8
 385      00000000 
 386              		.text
 387              	.Letext0:
 388              		.file 2 "src/../h/../lib/hw.h"
 389              		.file 3 "src/../h/MemoryAllocator.h"
 390              		.file 4 "src/../h/Scheduler.h"
 391              		.file 5 "src/../h/tcb.h"
 392              		.file 6 "src/../h/ThreadSleep.h"
 393              		.file 7 "src/../h/syscall_c.h"
GAS LISTING /tmp/ccl3B6bv.s 			page 10


DEFINED SYMBOLS
                            *ABS*:0000000000000000 ThreadSleep.cpp
     /tmp/ccl3B6bv.s:9      .text:0000000000000000 _ZN12SleepManager14SleepingThreadnwEm
     /tmp/ccl3B6bv.s:13     .text:0000000000000000 .L0 
     /tmp/ccl3B6bv.s:15     .text:0000000000000000 .L0 
     /tmp/ccl3B6bv.s:16     .text:0000000000000004 .L0 
     /tmp/ccl3B6bv.s:19     .text:000000000000000c .L0 
     /tmp/ccl3B6bv.s:20     .text:000000000000000c .L0 
     /tmp/ccl3B6bv.s:22     .text:0000000000000010 .L0 
     /tmp/ccl3B6bv.s:24     .text:0000000000000010 .L0 
     /tmp/ccl3B6bv.s:25     .text:0000000000000010 .L0 
     /tmp/ccl3B6bv.s:28     .text:0000000000000018 .L0 
     /tmp/ccl3B6bv.s:29     .text:000000000000001c .L0 
     /tmp/ccl3B6bv.s:31     .text:0000000000000020 .L0 
     /tmp/ccl3B6bv.s:32     .text:0000000000000020 .L0 
     /tmp/ccl3B6bv.s:34     .text:0000000000000024 .L0 
     /tmp/ccl3B6bv.s:36     .text:0000000000000028 .L0 
     /tmp/ccl3B6bv.s:42     .text:0000000000000028 _ZN12SleepManager14SleepingThreaddlEPv
     /tmp/ccl3B6bv.s:45     .text:0000000000000028 .L0 
     /tmp/ccl3B6bv.s:47     .text:0000000000000028 .L0 
     /tmp/ccl3B6bv.s:48     .text:000000000000002c .L0 
     /tmp/ccl3B6bv.s:51     .text:0000000000000034 .L0 
     /tmp/ccl3B6bv.s:52     .text:0000000000000034 .L0 
     /tmp/ccl3B6bv.s:54     .text:0000000000000038 .L0 
     /tmp/ccl3B6bv.s:56     .text:0000000000000038 .L0 
     /tmp/ccl3B6bv.s:57     .text:0000000000000038 .L0 
     /tmp/ccl3B6bv.s:60     .text:0000000000000040 .L0 
     /tmp/ccl3B6bv.s:61     .text:0000000000000044 .L0 
     /tmp/ccl3B6bv.s:63     .text:0000000000000048 .L0 
     /tmp/ccl3B6bv.s:64     .text:0000000000000048 .L0 
     /tmp/ccl3B6bv.s:66     .text:000000000000004c .L0 
     /tmp/ccl3B6bv.s:68     .text:0000000000000050 .L0 
     /tmp/ccl3B6bv.s:74     .text:0000000000000050 _ZN12SleepManager6wakeUpEv
     /tmp/ccl3B6bv.s:77     .text:0000000000000050 .L0 
     /tmp/ccl3B6bv.s:78     .text:0000000000000050 .L0 
     /tmp/ccl3B6bv.s:79     .text:0000000000000050 .L0 
     /tmp/ccl3B6bv.s:80     .text:0000000000000050 .L0 
     /tmp/ccl3B6bv.s:82     .text:0000000000000058 .L0 
     /tmp/ccl3B6bv.s:84     .text:000000000000005c .L0 
     /tmp/ccl3B6bv.s:85     .text:000000000000005c .L0 
     /tmp/ccl3B6bv.s:87     .text:0000000000000060 .L0 
     /tmp/ccl3B6bv.s:90     .text:0000000000000068 .L0 
     /tmp/ccl3B6bv.s:91     .text:0000000000000068 .L0 
     /tmp/ccl3B6bv.s:92     .text:0000000000000068 .L0 
     /tmp/ccl3B6bv.s:94     .text:0000000000000070 .L0 
     /tmp/ccl3B6bv.s:96     .text:0000000000000074 .L0 
     /tmp/ccl3B6bv.s:98     .text:0000000000000078 .L0 
     /tmp/ccl3B6bv.s:100    .text:000000000000007c .L0 
     /tmp/ccl3B6bv.s:101    .text:0000000000000080 .L0 
     /tmp/ccl3B6bv.s:104    .text:0000000000000088 .L0 
     /tmp/ccl3B6bv.s:105    .text:0000000000000088 .L0 
     /tmp/ccl3B6bv.s:107    .text:000000000000008c .L0 
     /tmp/ccl3B6bv.s:111    .text:000000000000008c .L0 
     /tmp/ccl3B6bv.s:112    .text:000000000000008c .L0 
     /tmp/ccl3B6bv.s:114    .text:0000000000000090 .L0 
     /tmp/ccl3B6bv.s:116    .text:0000000000000094 .L0 
     /tmp/ccl3B6bv.s:117    .text:0000000000000094 .L0 
GAS LISTING /tmp/ccl3B6bv.s 			page 11


     /tmp/ccl3B6bv.s:119    .text:0000000000000098 .L0 
     /tmp/ccl3B6bv.s:122    .text:00000000000000a0 .L0 
     /tmp/ccl3B6bv.s:123    .text:00000000000000a0 .L0 
     /tmp/ccl3B6bv.s:127    .text:00000000000000ac .L0 
     /tmp/ccl3B6bv.s:128    .text:00000000000000ac .L0 
     /tmp/ccl3B6bv.s:132    .text:00000000000000b8 .L0 
     /tmp/ccl3B6bv.s:133    .text:00000000000000b8 .L0 
     /tmp/ccl3B6bv.s:135    .text:00000000000000bc .L0 
     /tmp/ccl3B6bv.s:137    .text:00000000000000c0 .L0 
     /tmp/ccl3B6bv.s:138    .text:00000000000000c0 .L0 
     /tmp/ccl3B6bv.s:143    .text:00000000000000c4 .L0 
     /tmp/ccl3B6bv.s:144    .text:00000000000000c4 .L0 
     /tmp/ccl3B6bv.s:145    .text:00000000000000c4 .L0 
     /tmp/ccl3B6bv.s:147    .text:00000000000000cc .L0 
     /tmp/ccl3B6bv.s:149    .text:00000000000000d0 .L0 
     /tmp/ccl3B6bv.s:151    .text:00000000000000d4 .L0 
     /tmp/ccl3B6bv.s:154    .text:00000000000000d8 .L0 
     /tmp/ccl3B6bv.s:155    .text:00000000000000dc .L0 
     /tmp/ccl3B6bv.s:156    .text:00000000000000dc .L0 
     /tmp/ccl3B6bv.s:158    .text:00000000000000e0 .L0 
     /tmp/ccl3B6bv.s:159    .text:00000000000000e0 .L0 
     /tmp/ccl3B6bv.s:161    .text:00000000000000e4 .L0 
     /tmp/ccl3B6bv.s:165    .text:00000000000000e8 .L0 
     /tmp/ccl3B6bv.s:168    .text:00000000000000e8 .L0 
     /tmp/ccl3B6bv.s:172    .text:00000000000000f4 .L0 
     /tmp/ccl3B6bv.s:173    .text:00000000000000f4 .L0 
     /tmp/ccl3B6bv.s:174    .text:00000000000000f4 .L0 
     /tmp/ccl3B6bv.s:177    .text:00000000000000f8 .L0 
     /tmp/ccl3B6bv.s:183    .text:00000000000000f8 _ZN12SleepManager12insertThreadEP3TCBm
     /tmp/ccl3B6bv.s:186    .text:00000000000000f8 .L0 
     /tmp/ccl3B6bv.s:188    .text:00000000000000f8 .L0 
     /tmp/ccl3B6bv.s:189    .text:00000000000000fc .L0 
     /tmp/ccl3B6bv.s:194    .text:000000000000010c .L0 
     /tmp/ccl3B6bv.s:195    .text:000000000000010c .L0 
     /tmp/ccl3B6bv.s:196    .text:000000000000010c .L0 
     /tmp/ccl3B6bv.s:197    .text:000000000000010c .L0 
     /tmp/ccl3B6bv.s:199    .text:0000000000000110 .L0 
     /tmp/ccl3B6bv.s:203    .text:0000000000000118 .L0 
     /tmp/ccl3B6bv.s:204    .text:0000000000000118 .L0 
     /tmp/ccl3B6bv.s:211    .text:0000000000000128 .L0 
     /tmp/ccl3B6bv.s:212    .text:0000000000000128 .L0 
     /tmp/ccl3B6bv.s:214    .text:000000000000012c .L0 
     /tmp/ccl3B6bv.s:215    .text:000000000000012c .L0 
     /tmp/ccl3B6bv.s:217    .text:0000000000000130 .L0 
     /tmp/ccl3B6bv.s:218    .text:0000000000000130 .L0 
     /tmp/ccl3B6bv.s:219    .text:0000000000000130 .L0 
     /tmp/ccl3B6bv.s:221    .text:0000000000000138 .L0 
     /tmp/ccl3B6bv.s:223    .text:000000000000013c .L0 
     /tmp/ccl3B6bv.s:224    .text:000000000000013c .L0 
     /tmp/ccl3B6bv.s:226    .text:0000000000000140 .L0 
     /tmp/ccl3B6bv.s:228    .text:0000000000000144 .L0 
     /tmp/ccl3B6bv.s:232    .text:0000000000000148 .L0 
     /tmp/ccl3B6bv.s:233    .text:0000000000000148 .L0 
     /tmp/ccl3B6bv.s:235    .text:000000000000014c .L0 
     /tmp/ccl3B6bv.s:237    .text:0000000000000150 .L0 
     /tmp/ccl3B6bv.s:239    .text:0000000000000154 .L0 
     /tmp/ccl3B6bv.s:241    .text:0000000000000158 .L0 
GAS LISTING /tmp/ccl3B6bv.s 			page 12


     /tmp/ccl3B6bv.s:242    .text:0000000000000158 .L0 
     /tmp/ccl3B6bv.s:246    .text:0000000000000160 .L0 
     /tmp/ccl3B6bv.s:247    .text:0000000000000160 .L0 
     /tmp/ccl3B6bv.s:248    .text:0000000000000160 .L0 
     /tmp/ccl3B6bv.s:250    .text:0000000000000164 .L0 
     /tmp/ccl3B6bv.s:253    .text:0000000000000168 .L0 
     /tmp/ccl3B6bv.s:257    .text:000000000000016c .L0 
     /tmp/ccl3B6bv.s:258    .text:000000000000016c .L0 
     /tmp/ccl3B6bv.s:260    .text:0000000000000174 .L0 
     /tmp/ccl3B6bv.s:263    .text:0000000000000178 .L0 
     /tmp/ccl3B6bv.s:264    .text:0000000000000178 .L0 
     /tmp/ccl3B6bv.s:266    .text:000000000000017c .L0 
     /tmp/ccl3B6bv.s:267    .text:000000000000017c .L0 
     /tmp/ccl3B6bv.s:273    .text:0000000000000188 .L0 
     /tmp/ccl3B6bv.s:274    .text:0000000000000188 .L0 
     /tmp/ccl3B6bv.s:276    .text:0000000000000190 .L0 
     /tmp/ccl3B6bv.s:280    .text:0000000000000194 .L0 
     /tmp/ccl3B6bv.s:281    .text:0000000000000194 .L0 
     /tmp/ccl3B6bv.s:283    .text:0000000000000198 .L0 
     /tmp/ccl3B6bv.s:284    .text:0000000000000198 .L0 
     /tmp/ccl3B6bv.s:286    .text:000000000000019c .L0 
     /tmp/ccl3B6bv.s:288    .text:00000000000001a0 .L0 
     /tmp/ccl3B6bv.s:289    .text:00000000000001a0 .L0 
     /tmp/ccl3B6bv.s:291    .text:00000000000001a4 .L0 
     /tmp/ccl3B6bv.s:297    .text:00000000000001b0 .L0 
     /tmp/ccl3B6bv.s:298    .text:00000000000001b4 .L0 
     /tmp/ccl3B6bv.s:300    .text:00000000000001b8 .L0 
     /tmp/ccl3B6bv.s:301    .text:00000000000001b8 .L0 
     /tmp/ccl3B6bv.s:303    .text:00000000000001bc .L0 
     /tmp/ccl3B6bv.s:305    .text:00000000000001c0 .L0 
     /tmp/ccl3B6bv.s:308    .text:00000000000001c4 .L0 
     /tmp/ccl3B6bv.s:310    .text:00000000000001c8 .L0 
     /tmp/ccl3B6bv.s:316    .text:00000000000001c8 _ZN12SleepManager11threadSleepEm
     /tmp/ccl3B6bv.s:319    .text:00000000000001c8 .L0 
     /tmp/ccl3B6bv.s:321    .text:00000000000001c8 .L0 
     /tmp/ccl3B6bv.s:322    .text:00000000000001c8 .L0 
     /tmp/ccl3B6bv.s:324    .text:00000000000001cc .L0 
     /tmp/ccl3B6bv.s:330    .text:00000000000001d4 .L0 
     /tmp/ccl3B6bv.s:331    .text:00000000000001d8 .L0 
     /tmp/ccl3B6bv.s:334    .text:00000000000001e0 .L0 
     /tmp/ccl3B6bv.s:335    .text:00000000000001e0 .L0 
     /tmp/ccl3B6bv.s:337    .text:00000000000001e4 .L0 
     /tmp/ccl3B6bv.s:340    .text:00000000000001e8 .L0 
     /tmp/ccl3B6bv.s:341    .text:00000000000001e8 .L0 
     /tmp/ccl3B6bv.s:345    .text:00000000000001f4 .L0 
     /tmp/ccl3B6bv.s:346    .text:00000000000001f4 .L0 
     /tmp/ccl3B6bv.s:349    .text:00000000000001fc .L0 
     /tmp/ccl3B6bv.s:350    .text:00000000000001fc .L0 
     /tmp/ccl3B6bv.s:352    .text:0000000000000200 .L0 
     /tmp/ccl3B6bv.s:353    .text:0000000000000200 .L0 
     /tmp/ccl3B6bv.s:356    .text:0000000000000208 .L0 
     /tmp/ccl3B6bv.s:357    .text:0000000000000208 .L0 
     /tmp/ccl3B6bv.s:360    .text:0000000000000210 .L0 
     /tmp/ccl3B6bv.s:361    .text:0000000000000210 .L0 
     /tmp/ccl3B6bv.s:363    .text:0000000000000218 .L0 
     /tmp/ccl3B6bv.s:365    .text:000000000000021c .L0 
     /tmp/ccl3B6bv.s:366    .text:000000000000021c .L0 
GAS LISTING /tmp/ccl3B6bv.s 			page 13


     /tmp/ccl3B6bv.s:368    .text:0000000000000220 .L0 
     /tmp/ccl3B6bv.s:370    .text:0000000000000224 .L0 
     /tmp/ccl3B6bv.s:380    .bss:0000000000000000 _ZN12SleepManager4headE
     /tmp/ccl3B6bv.s:384    .bss:0000000000000008 _ZN12SleepManager7curtimeE
     /tmp/ccl3B6bv.s:377    .bss:0000000000000000 .LANCHOR0
     /tmp/ccl3B6bv.s:394    .text:0000000000000224 .L0 
     /tmp/ccl3B6bv.s:80     .text:0000000000000050 .L0 
     /tmp/ccl3B6bv.s:92     .text:0000000000000068 .L0 
     /tmp/ccl3B6bv.s:128    .text:00000000000000ac .L0 
     /tmp/ccl3B6bv.s:145    .text:00000000000000c4 .L0 
     /tmp/ccl3B6bv.s:219    .text:0000000000000130 .L0 
     /tmp/ccl3B6bv.s:258    .text:000000000000016c .L0 
     /tmp/ccl3B6bv.s:274    .text:0000000000000188 .L0 
     /tmp/ccl3B6bv.s:341    .text:00000000000001e8 .L0 
     /tmp/ccl3B6bv.s:171    .text:00000000000000f4 .L10
     /tmp/ccl3B6bv.s:164    .text:00000000000000e8 .L16
     /tmp/ccl3B6bv.s:152    .text:00000000000000d8 .L5
     /tmp/ccl3B6bv.s:108    .text:000000000000008c .L13
     /tmp/ccl3B6bv.s:140    .text:00000000000000c4 .L7
     /tmp/ccl3B6bv.s:255    .text:000000000000016c .L24
     /tmp/ccl3B6bv.s:261    .text:0000000000000178 .L25
     /tmp/ccl3B6bv.s:278    .text:0000000000000194 .L21
     /tmp/ccl3B6bv.s:229    .text:0000000000000148 .L20
     /tmp/ccl3B6bv.s:295    .text:00000000000001b0 .L17
     /tmp/ccl3B6bv.s:328    .text:00000000000001d4 .L32
     /tmp/ccl3B6bv.s:1587   .debug_abbrev:0000000000000000 .Ldebug_abbrev0
     /tmp/ccl3B6bv.s:2976   .debug_str:0000000000000729 .LASF135
     /tmp/ccl3B6bv.s:2914   .debug_str:0000000000000558 .LASF136
     /tmp/ccl3B6bv.s:2788   .debug_str:000000000000017e .LASF137
     /tmp/ccl3B6bv.s:5      .text:0000000000000000 .Ltext0
     /tmp/ccl3B6bv.s:387    .text:0000000000000224 .Letext0
     /tmp/ccl3B6bv.s:2732   .debug_line:0000000000000000 .Ldebug_line0
     /tmp/ccl3B6bv.s:2892   .debug_str:000000000000049b .LASF0
     /tmp/ccl3B6bv.s:2912   .debug_str:0000000000000545 .LASF1
     /tmp/ccl3B6bv.s:2874   .debug_str:00000000000003e5 .LASF2
     /tmp/ccl3B6bv.s:2848   .debug_str:0000000000000353 .LASF4
     /tmp/ccl3B6bv.s:2952   .debug_str:000000000000067d .LASF3
     /tmp/ccl3B6bv.s:2758   .debug_str:00000000000000c1 .LASF5
     /tmp/ccl3B6bv.s:2916   .debug_str:000000000000056c .LASF6
     /tmp/ccl3B6bv.s:2890   .debug_str:0000000000000488 .LASF7
     /tmp/ccl3B6bv.s:2998   .debug_str:00000000000008ac .LASF8
     /tmp/ccl3B6bv.s:2832   .debug_str:00000000000002b3 .LASF9
     /tmp/ccl3B6bv.s:2928   .debug_str:00000000000005ca .LASF10
     /tmp/ccl3B6bv.s:2982   .debug_str:0000000000000821 .LASF11
     /tmp/ccl3B6bv.s:2762   .debug_str:00000000000000d0 .LASF12
     /tmp/ccl3B6bv.s:2744   .debug_str:0000000000000045 .LASF13
     /tmp/ccl3B6bv.s:2776   .debug_str:0000000000000135 .LASF14
     /tmp/ccl3B6bv.s:2946   .debug_str:000000000000064f .LASF15
     /tmp/ccl3B6bv.s:2790   .debug_str:00000000000001a1 .LASF16
     /tmp/ccl3B6bv.s:2872   .debug_str:00000000000003d5 .LASF32
     /tmp/ccl3B6bv.s:2900   .debug_str:00000000000004d7 .LASF38
     /tmp/ccl3B6bv.s:3018   .debug_str:0000000000000936 .LASF17
     /tmp/ccl3B6bv.s:2968   .debug_str:00000000000006e7 .LASF18
     /tmp/ccl3B6bv.s:2922   .debug_str:00000000000005a7 .LASF58
     /tmp/ccl3B6bv.s:2974   .debug_str:000000000000070d .LASF60
     /tmp/ccl3B6bv.s:2990   .debug_str:0000000000000866 .LASF19
     /tmp/ccl3B6bv.s:2944   .debug_str:0000000000000630 .LASF21
GAS LISTING /tmp/ccl3B6bv.s 			page 14


     /tmp/ccl3B6bv.s:2780   .debug_str:000000000000014b .LASF20
     /tmp/ccl3B6bv.s:2742   .debug_str:0000000000000027 .LASF22
     /tmp/ccl3B6bv.s:2984   .debug_str:0000000000000830 .LASF23
     /tmp/ccl3B6bv.s:2918   .debug_str:000000000000057f .LASF25
     /tmp/ccl3B6bv.s:2958   .debug_str:00000000000006a5 .LASF24
     /tmp/ccl3B6bv.s:2980   .debug_str:00000000000007f7 .LASF26
     /tmp/ccl3B6bv.s:2794   .debug_str:00000000000001c4 .LASF73
     /tmp/ccl3B6bv.s:2774   .debug_str:000000000000012f .LASF27
     /tmp/ccl3B6bv.s:2746   .debug_str:0000000000000055 .LASF29
     /tmp/ccl3B6bv.s:2992   .debug_str:000000000000086e .LASF28
     /tmp/ccl3B6bv.s:2906   .debug_str:00000000000004f5 .LASF30
     /tmp/ccl3B6bv.s:2812   .debug_str:000000000000021f .LASF31
     /tmp/ccl3B6bv.s:2926   .debug_str:00000000000005c0 .LASF33
     /tmp/ccl3B6bv.s:2818   .debug_str:0000000000000242 .LASF34
     /tmp/ccl3B6bv.s:2820   .debug_str:0000000000000254 .LASF35
     /tmp/ccl3B6bv.s:2822   .debug_str:0000000000000266 .LASF36
     /tmp/ccl3B6bv.s:2844   .debug_str:0000000000000317 .LASF138
     /tmp/ccl3B6bv.s:2756   .debug_str:00000000000000a9 .LASF139
     /tmp/ccl3B6bv.s:2866   .debug_str:00000000000003b3 .LASF115
     /tmp/ccl3B6bv.s:3016   .debug_str:0000000000000931 .LASF140
     /tmp/ccl3B6bv.s:2766   .debug_str:0000000000000107 .LASF37
     /tmp/ccl3B6bv.s:2748   .debug_str:0000000000000083 .LASF39
     /tmp/ccl3B6bv.s:2800   .debug_str:00000000000001e2 .LASF40
     /tmp/ccl3B6bv.s:2936   .debug_str:0000000000000605 .LASF41
     /tmp/ccl3B6bv.s:2880   .debug_str:000000000000040e .LASF48
     /tmp/ccl3B6bv.s:2830   .debug_str:000000000000029c .LASF50
     /tmp/ccl3B6bv.s:2876   .debug_str:00000000000003f3 .LASF42
     /tmp/ccl3B6bv.s:3020   .debug_str:000000000000093b .LASF43
     /tmp/ccl3B6bv.s:2856   .debug_str:0000000000000374 .LASF44
     /tmp/ccl3B6bv.s:2828   .debug_str:000000000000028c .LASF45
     /tmp/ccl3B6bv.s:2760   .debug_str:00000000000000c8 .LASF46
     /tmp/ccl3B6bv.s:2796   .debug_str:00000000000001c9 .LASF47
     /tmp/ccl3B6bv.s:2778   .debug_str:0000000000000141 .LASF49
     /tmp/ccl3B6bv.s:2924   .debug_str:00000000000005ac .LASF51
     /tmp/ccl3B6bv.s:2870   .debug_str:00000000000003c8 .LASF52
     /tmp/ccl3B6bv.s:2970   .debug_str:00000000000006ec .LASF53
     /tmp/ccl3B6bv.s:2772   .debug_str:0000000000000129 .LASF54
     /tmp/ccl3B6bv.s:2886   .debug_str:000000000000046e .LASF55
     /tmp/ccl3B6bv.s:2860   .debug_str:0000000000000381 .LASF56
     /tmp/ccl3B6bv.s:2882   .debug_str:0000000000000419 .LASF57
     /tmp/ccl3B6bv.s:2938   .debug_str:0000000000000611 .LASF141
     /tmp/ccl3B6bv.s:2948   .debug_str:0000000000000665 .LASF59
     /tmp/ccl3B6bv.s:2752   .debug_str:0000000000000094 .LASF61
     /tmp/ccl3B6bv.s:2806   .debug_str:00000000000001fa .LASF62
     /tmp/ccl3B6bv.s:3008   .debug_str:000000000000090d .LASF63
     /tmp/ccl3B6bv.s:2850   .debug_str:000000000000035a .LASF64
     /tmp/ccl3B6bv.s:2960   .debug_str:00000000000006b7 .LASF65
     /tmp/ccl3B6bv.s:2940   .debug_str:0000000000000616 .LASF67
     /tmp/ccl3B6bv.s:2836   .debug_str:00000000000002c8 .LASF66
     /tmp/ccl3B6bv.s:2986   .debug_str:000000000000083b .LASF68
     /tmp/ccl3B6bv.s:2826   .debug_str:0000000000000280 .LASF69
     /tmp/ccl3B6bv.s:2862   .debug_str:000000000000038e .LASF70
     /tmp/ccl3B6bv.s:3012   .debug_str:0000000000000921 .LASF71
     /tmp/ccl3B6bv.s:2814   .debug_str:0000000000000224 .LASF72
     /tmp/ccl3B6bv.s:2782   .debug_str:0000000000000151 .LASF74
     /tmp/ccl3B6bv.s:2858   .debug_str:000000000000037a .LASF75
     /tmp/ccl3B6bv.s:2804   .debug_str:00000000000001ef .LASF76
GAS LISTING /tmp/ccl3B6bv.s 			page 15


     /tmp/ccl3B6bv.s:2768   .debug_str:000000000000010c .LASF77
     /tmp/ccl3B6bv.s:2994   .debug_str:0000000000000877 .LASF142
     /tmp/ccl3B6bv.s:2854   .debug_str:000000000000036f .LASF78
     /tmp/ccl3B6bv.s:3014   .debug_str:000000000000092b .LASF79
     /tmp/ccl3B6bv.s:2904   .debug_str:00000000000004ed .LASF80
     /tmp/ccl3B6bv.s:2852   .debug_str:0000000000000366 .LASF81
     /tmp/ccl3B6bv.s:2978   .debug_str:00000000000007ed .LASF82
     /tmp/ccl3B6bv.s:2962   .debug_str:00000000000006c7 .LASF83
     /tmp/ccl3B6bv.s:2798   .debug_str:00000000000001db .LASF84
     /tmp/ccl3B6bv.s:2736   .debug_str:000000000000000b .LASF85
     /tmp/ccl3B6bv.s:2930   .debug_str:00000000000005d9 .LASF86
     /tmp/ccl3B6bv.s:2808   .debug_str:0000000000000202 .LASF87
     /tmp/ccl3B6bv.s:2934   .debug_str:00000000000005fa .LASF88
     /tmp/ccl3B6bv.s:2738   .debug_str:0000000000000013 .LASF89
     /tmp/ccl3B6bv.s:2868   .debug_str:00000000000003bd .LASF90
     /tmp/ccl3B6bv.s:3004   .debug_str:00000000000008d9 .LASF91
     /tmp/ccl3B6bv.s:2846   .debug_str:000000000000032b .LASF92
     /tmp/ccl3B6bv.s:2864   .debug_str:00000000000003a5 .LASF93
     /tmp/ccl3B6bv.s:2838   .debug_str:00000000000002d6 .LASF95
     /tmp/ccl3B6bv.s:2896   .debug_str:00000000000004c3 .LASF94
     /tmp/ccl3B6bv.s:2810   .debug_str:000000000000020c .LASF96
     /tmp/ccl3B6bv.s:2954   .debug_str:000000000000068f .LASF97
     /tmp/ccl3B6bv.s:2786   .debug_str:0000000000000171 .LASF98
     /tmp/ccl3B6bv.s:2932   .debug_str:00000000000005e2 .LASF99
     /tmp/ccl3B6bv.s:2956   .debug_str:00000000000006a0 .LASF100
     /tmp/ccl3B6bv.s:2770   .debug_str:000000000000011a .LASF101
     /tmp/ccl3B6bv.s:2972   .debug_str:0000000000000705 .LASF102
     /tmp/ccl3B6bv.s:2996   .debug_str:000000000000089a .LASF103
     /tmp/ccl3B6bv.s:2734   .debug_str:0000000000000000 .LASF104
     /tmp/ccl3B6bv.s:2908   .debug_str:0000000000000526 .LASF105
     /tmp/ccl3B6bv.s:2902   .debug_str:00000000000004e1 .LASF106
     /tmp/ccl3B6bv.s:2898   .debug_str:00000000000004cc .LASF107
     /tmp/ccl3B6bv.s:3010   .debug_str:000000000000091a .LASF108
     /tmp/ccl3B6bv.s:2802   .debug_str:00000000000001e7 .LASF109
     /tmp/ccl3B6bv.s:2750   .debug_str:000000000000008b .LASF110
     /tmp/ccl3B6bv.s:2888   .debug_str:000000000000047f .LASF111
     /tmp/ccl3B6bv.s:2966   .debug_str:00000000000006de .LASF112
     /tmp/ccl3B6bv.s:2842   .debug_str:0000000000000310 .LASF113
     /tmp/ccl3B6bv.s:2816   .debug_str:0000000000000234 .LASF114
     /tmp/ccl3B6bv.s:2920   .debug_str:00000000000005a2 .LASF116
     /tmp/ccl3B6bv.s:2792   .debug_str:00000000000001b7 .LASF117
     /tmp/ccl3B6bv.s:2878   .debug_str:00000000000003ff .LASF118
     /tmp/ccl3B6bv.s:2910   .debug_str:000000000000053e .LASF119
     /tmp/ccl3B6bv.s:2988   .debug_str:0000000000000854 .LASF120
     /tmp/ccl3B6bv.s:3006   .debug_str:00000000000008e7 .LASF121
     /tmp/ccl3B6bv.s:2884   .debug_str:0000000000000447 .LASF143
     /tmp/ccl3B6bv.s:2964   .debug_str:00000000000006d2 .LASF122
     /tmp/ccl3B6bv.s:2840   .debug_str:00000000000002ef .LASF123
     /tmp/ccl3B6bv.s:2834   .debug_str:00000000000002c1 .LASF124
     /tmp/ccl3B6bv.s:2894   .debug_str:00000000000004a8 .LASF125
     /tmp/ccl3B6bv.s:2942   .debug_str:0000000000000623 .LASF126
     /tmp/ccl3B6bv.s:2764   .debug_str:00000000000000e0 .LASF127
     /tmp/ccl3B6bv.s:2824   .debug_str:0000000000000278 .LASF128
     /tmp/ccl3B6bv.s:2784   .debug_str:0000000000000156 .LASF129
     /tmp/ccl3B6bv.s:3000   .debug_str:00000000000008bc .LASF130
     /tmp/ccl3B6bv.s:184    .text:00000000000000f8 .LFB32
     /tmp/ccl3B6bv.s:311    .text:00000000000001c8 .LFE32
GAS LISTING /tmp/ccl3B6bv.s 			page 16


     /tmp/ccl3B6bv.s:2545   .debug_loc:0000000000000000 .LLST3
     /tmp/ccl3B6bv.s:3002   .debug_str:00000000000008d4 .LASF131
     /tmp/ccl3B6bv.s:2563   .debug_loc:000000000000004c .LLST4
     /tmp/ccl3B6bv.s:2950   .debug_str:000000000000066b .LASF132
     /tmp/ccl3B6bv.s:2597   .debug_loc:00000000000000d5 .LLST5
     /tmp/ccl3B6bv.s:2754   .debug_str:00000000000000a4 .LASF133
     /tmp/ccl3B6bv.s:2617   .debug_loc:0000000000000132 .LLST6
     /tmp/ccl3B6bv.s:207    .text:0000000000000124 .LVL11
     /tmp/ccl3B6bv.s:75     .text:0000000000000050 .LFB31
     /tmp/ccl3B6bv.s:178    .text:00000000000000f8 .LFE31
     /tmp/ccl3B6bv.s:2724   .debug_ranges:0000000000000000 .Ldebug_ranges0
     /tmp/ccl3B6bv.s:2740   .debug_str:000000000000001f .LASF134
     /tmp/ccl3B6bv.s:2636   .debug_loc:000000000000018e .LLST2
     /tmp/ccl3B6bv.s:125    .text:00000000000000ac .LVL4
     /tmp/ccl3B6bv.s:169    .text:00000000000000f0 .LVL8
     /tmp/ccl3B6bv.s:317    .text:00000000000001c8 .LFB30
     /tmp/ccl3B6bv.s:371    .text:0000000000000224 .LFE30
     /tmp/ccl3B6bv.s:2647   .debug_loc:00000000000001c4 .LLST7
     /tmp/ccl3B6bv.s:2676   .debug_loc:0000000000000239 .LLST8
     /tmp/ccl3B6bv.s:354    .text:0000000000000208 .LVL26
     /tmp/ccl3B6bv.s:358    .text:0000000000000210 .LVL27
     /tmp/ccl3B6bv.s:43     .text:0000000000000028 .LFB29
     /tmp/ccl3B6bv.s:69     .text:0000000000000050 .LFE29
     /tmp/ccl3B6bv.s:2683   .debug_loc:000000000000025c .LLST1
     /tmp/ccl3B6bv.s:58     .text:0000000000000040 .LVL3
     /tmp/ccl3B6bv.s:10     .text:0000000000000000 .LFB28
     /tmp/ccl3B6bv.s:37     .text:0000000000000028 .LFE28
     /tmp/ccl3B6bv.s:2697   .debug_loc:0000000000000295 .LLST0
     /tmp/ccl3B6bv.s:26     .text:0000000000000018 .LVL1
     /tmp/ccl3B6bv.s:187    .text:00000000000000f8 .LVL9
     /tmp/ccl3B6bv.s:205    .text:000000000000011c .LVL10
     /tmp/ccl3B6bv.s:306    .text:00000000000001c0 .LVL21
     /tmp/ccl3B6bv.s:269    .text:0000000000000184 .LVL17
     /tmp/ccl3B6bv.s:271    .text:0000000000000188 .LVL18
     /tmp/ccl3B6bv.s:277    .text:0000000000000194 .LVL19
     /tmp/ccl3B6bv.s:294    .text:00000000000001b0 .LVL20
     /tmp/ccl3B6bv.s:230    .text:0000000000000148 .LVL13
     /tmp/ccl3B6bv.s:245    .text:0000000000000160 .LVL14
     /tmp/ccl3B6bv.s:251    .text:0000000000000168 .LVL15
     /tmp/ccl3B6bv.s:254    .text:000000000000016c .LVL16
     /tmp/ccl3B6bv.s:130    .text:00000000000000b8 .LVL5
     /tmp/ccl3B6bv.s:139    .text:00000000000000c4 .LVL6
     /tmp/ccl3B6bv.s:163    .text:00000000000000e8 .LVL7
     /tmp/ccl3B6bv.s:320    .text:00000000000001c8 .LVL22
     /tmp/ccl3B6bv.s:325    .text:00000000000001d0 .LVL23
     /tmp/ccl3B6bv.s:327    .text:00000000000001d4 .LVL24
     /tmp/ccl3B6bv.s:343    .text:00000000000001f4 .LVL25
     /tmp/ccl3B6bv.s:46     .text:0000000000000028 .LVL2
     /tmp/ccl3B6bv.s:14     .text:0000000000000000 .LVL0
     /tmp/ccl3B6bv.s:395    .debug_info:0000000000000000 .Ldebug_info0
     /tmp/ccl3B6bv.s:109    .text:000000000000008c .LBB2
     /tmp/ccl3B6bv.s:141    .text:00000000000000c4 .LBE2
     /tmp/ccl3B6bv.s:166    .text:00000000000000e8 .LBB3
     /tmp/ccl3B6bv.s:176    .text:00000000000000f8 .LBE3

UNDEFINED SYMBOLS
_ZN15MemoryAllocator7kmallocEm
GAS LISTING /tmp/ccl3B6bv.s 			page 17


_ZN15MemoryAllocator5kfreeEPv
_ZN9Scheduler3putEP3TCB
_ZN3TCB7runningE
_ZN3TCB8dispatchEv
